11:47:01 **** Incremental Build of configuration Debug for project motor-cc ****
make -j8 all 
arm-none-eabi-gcc "../Drivers/STM32G0xx_HAL_Driver/Src/stm32g0xx_hal.c" -mcpu=cortex-m0plus -std=gnu11 -g3 -DDEBUG -DUSE_HAL_DRIVER -DSTM32G0B1xx -c -I../Core/Inc -I../Drivers/STM32G0xx_HAL_Driver/Inc -I../Drivers/STM32G0xx_HAL_Driver/Inc/Legacy -I../Drivers/CMSIS/Device/ST/STM32G0xx/Include -I../Drivers/CMSIS/Include -O0 -ffunction-sections -fdata-sections -Wall -fstack-usage -MMD -MP -MF"Drivers/STM32G0xx_HAL_Driver/Src/stm32g0xx_hal.d" -MT"Drivers/STM32G0xx_HAL_Driver/Src/stm32g0xx_hal.o" --specs=nano.specs -mfloat-abi=soft -mthumb -o "Drivers/STM32G0xx_HAL_Driver/Src/stm32g0xx_hal.o"
arm-none-eabi-gcc "../Drivers/STM32G0xx_HAL_Driver/Src/stm32g0xx_hal_adc.c" -mcpu=cortex-m0plus -std=gnu11 -g3 -DDEBUG -DUSE_HAL_DRIVER -DSTM32G0B1xx -c -I../Core/Inc -I../Drivers/STM32G0xx_HAL_Driver/Inc -I../Drivers/STM32G0xx_HAL_Driver/Inc/Legacy -I../Drivers/CMSIS/Device/ST/STM32G0xx/Include -I../Drivers/CMSIS/Include -O0 -ffunction-sections -fdata-sections -Wall -fstack-usage -MMD -MP -MF"Drivers/STM32G0xx_HAL_Driver/Src/stm32g0xx_hal_adc.d" -MT"Drivers/STM32G0xx_HAL_Driver/Src/stm32g0xx_hal_adc.o" --specs=nano.specs -mfloat-abi=soft -mthumb -o "Drivers/STM32G0xx_HAL_Driver/Src/stm32g0xx_hal_adc.o"
arm-none-eabi-gcc "../Drivers/STM32G0xx_HAL_Driver/Src/stm32g0xx_hal_adc_ex.c" -mcpu=cortex-m0plus -std=gnu11 -g3 -DDEBUG -DUSE_HAL_DRIVER -DSTM32G0B1xx -c -I../Core/Inc -I../Drivers/STM32G0xx_HAL_Driver/Inc -I../Drivers/STM32G0xx_HAL_Driver/Inc/Legacy -I../Drivers/CMSIS/Device/ST/STM32G0xx/Include -I../Drivers/CMSIS/Include -O0 -ffunction-sections -fdata-sections -Wall -fstack-usage -MMD -MP -MF"Drivers/STM32G0xx_HAL_Driver/Src/stm32g0xx_hal_adc_ex.d" -MT"Drivers/STM32G0xx_HAL_Driver/Src/stm32g0xx_hal_adc_ex.o" --specs=nano.specs -mfloat-abi=soft -mthumb -o "Drivers/STM32G0xx_HAL_Driver/Src/stm32g0xx_hal_adc_ex.o"
arm-none-eabi-gcc "../Drivers/STM32G0xx_HAL_Driver/Src/stm32g0xx_hal_cortex.c" -mcpu=cortex-m0plus -std=gnu11 -g3 -DDEBUG -DUSE_HAL_DRIVER -DSTM32G0B1xx -c -I../Core/Inc -I../Drivers/STM32G0xx_HAL_Driver/Inc -I../Drivers/STM32G0xx_HAL_Driver/Inc/Legacy -I../Drivers/CMSIS/Device/ST/STM32G0xx/Include -I../Drivers/CMSIS/Include -O0 -ffunction-sections -fdata-sections -Wall -fstack-usage -MMD -MP -MF"Drivers/STM32G0xx_HAL_Driver/Src/stm32g0xx_hal_cortex.d" -MT"Drivers/STM32G0xx_HAL_Driver/Src/stm32g0xx_hal_cortex.o" --specs=nano.specs -mfloat-abi=soft -mthumb -o "Drivers/STM32G0xx_HAL_Driver/Src/stm32g0xx_hal_cortex.o"
arm-none-eabi-gcc "../Drivers/STM32G0xx_HAL_Driver/Src/stm32g0xx_hal_dma.c" -mcpu=cortex-m0plus -std=gnu11 -g3 -DDEBUG -DUSE_HAL_DRIVER -DSTM32G0B1xx -c -I../Core/Inc -I../Drivers/STM32G0xx_HAL_Driver/Inc -I../Drivers/STM32G0xx_HAL_Driver/Inc/Legacy -I../Drivers/CMSIS/Device/ST/STM32G0xx/Include -I../Drivers/CMSIS/Include -O0 -ffunction-sections -fdata-sections -Wall -fstack-usage -MMD -MP -MF"Drivers/STM32G0xx_HAL_Driver/Src/stm32g0xx_hal_dma.d" -MT"Drivers/STM32G0xx_HAL_Driver/Src/stm32g0xx_hal_dma.o" --specs=nano.specs -mfloat-abi=soft -mthumb -o "Drivers/STM32G0xx_HAL_Driver/Src/stm32g0xx_hal_dma.o"
arm-none-eabi-gcc "../Drivers/STM32G0xx_HAL_Driver/Src/stm32g0xx_hal_dma_ex.c" -mcpu=cortex-m0plus -std=gnu11 -g3 -DDEBUG -DUSE_HAL_DRIVER -DSTM32G0B1xx -c -I../Core/Inc -I../Drivers/STM32G0xx_HAL_Driver/Inc -I../Drivers/STM32G0xx_HAL_Driver/Inc/Legacy -I../Drivers/CMSIS/Device/ST/STM32G0xx/Include -I../Drivers/CMSIS/Include -O0 -ffunction-sections -fdata-sections -Wall -fstack-usage -MMD -MP -MF"Drivers/STM32G0xx_HAL_Driver/Src/stm32g0xx_hal_dma_ex.d" -MT"Drivers/STM32G0xx_HAL_Driver/Src/stm32g0xx_hal_dma_ex.o" --specs=nano.specs -mfloat-abi=soft -mthumb -o "Drivers/STM32G0xx_HAL_Driver/Src/stm32g0xx_hal_dma_ex.o"
arm-none-eabi-gcc "../Drivers/STM32G0xx_HAL_Driver/Src/stm32g0xx_hal_exti.c" -mcpu=cortex-m0plus -std=gnu11 -g3 -DDEBUG -DUSE_HAL_DRIVER -DSTM32G0B1xx -c -I../Core/Inc -I../Drivers/STM32G0xx_HAL_Driver/Inc -I../Drivers/STM32G0xx_HAL_Driver/Inc/Legacy -I../Drivers/CMSIS/Device/ST/STM32G0xx/Include -I../Drivers/CMSIS/Include -O0 -ffunction-sections -fdata-sections -Wall -fstack-usage -MMD -MP -MF"Drivers/STM32G0xx_HAL_Driver/Src/stm32g0xx_hal_exti.d" -MT"Drivers/STM32G0xx_HAL_Driver/Src/stm32g0xx_hal_exti.o" --specs=nano.specs -mfloat-abi=soft -mthumb -o "Drivers/STM32G0xx_HAL_Driver/Src/stm32g0xx_hal_exti.o"
arm-none-eabi-gcc "../Drivers/STM32G0xx_HAL_Driver/Src/stm32g0xx_hal_flash.c" -mcpu=cortex-m0plus -std=gnu11 -g3 -DDEBUG -DUSE_HAL_DRIVER -DSTM32G0B1xx -c -I../Core/Inc -I../Drivers/STM32G0xx_HAL_Driver/Inc -I../Drivers/STM32G0xx_HAL_Driver/Inc/Legacy -I../Drivers/CMSIS/Device/ST/STM32G0xx/Include -I../Drivers/CMSIS/Include -O0 -ffunction-sections -fdata-sections -Wall -fstack-usage -MMD -MP -MF"Drivers/STM32G0xx_HAL_Driver/Src/stm32g0xx_hal_flash.d" -MT"Drivers/STM32G0xx_HAL_Driver/Src/stm32g0xx_hal_flash.o" --specs=nano.specs -mfloat-abi=soft -mthumb -o "Drivers/STM32G0xx_HAL_Driver/Src/stm32g0xx_hal_flash.o"
arm-none-eabi-gcc "../Drivers/STM32G0xx_HAL_Driver/Src/stm32g0xx_hal_flash_ex.c" -mcpu=cortex-m0plus -std=gnu11 -g3 -DDEBUG -DUSE_HAL_DRIVER -DSTM32G0B1xx -c -I../Core/Inc -I../Drivers/STM32G0xx_HAL_Driver/Inc -I../Drivers/STM32G0xx_HAL_Driver/Inc/Legacy -I../Drivers/CMSIS/Device/ST/STM32G0xx/Include -I../Drivers/CMSIS/Include -O0 -ffunction-sections -fdata-sections -Wall -fstack-usage -MMD -MP -MF"Drivers/STM32G0xx_HAL_Driver/Src/stm32g0xx_hal_flash_ex.d" -MT"Drivers/STM32G0xx_HAL_Driver/Src/stm32g0xx_hal_flash_ex.o" --specs=nano.specs -mfloat-abi=soft -mthumb -o "Drivers/STM32G0xx_HAL_Driver/Src/stm32g0xx_hal_flash_ex.o"
arm-none-eabi-gcc "../Drivers/STM32G0xx_HAL_Driver/Src/stm32g0xx_hal_gpio.c" -mcpu=cortex-m0plus -std=gnu11 -g3 -DDEBUG -DUSE_HAL_DRIVER -DSTM32G0B1xx -c -I../Core/Inc -I../Drivers/STM32G0xx_HAL_Driver/Inc -I../Drivers/STM32G0xx_HAL_Driver/Inc/Legacy -I../Drivers/CMSIS/Device/ST/STM32G0xx/Include -I../Drivers/CMSIS/Include -O0 -ffunction-sections -fdata-sections -Wall -fstack-usage -MMD -MP -MF"Drivers/STM32G0xx_HAL_Driver/Src/stm32g0xx_hal_gpio.d" -MT"Drivers/STM32G0xx_HAL_Driver/Src/stm32g0xx_hal_gpio.o" --specs=nano.specs -mfloat-abi=soft -mthumb -o "Drivers/STM32G0xx_HAL_Driver/Src/stm32g0xx_hal_gpio.o"
arm-none-eabi-gcc "../Drivers/STM32G0xx_HAL_Driver/Src/stm32g0xx_hal_pwr.c" -mcpu=cortex-m0plus -std=gnu11 -g3 -DDEBUG -DUSE_HAL_DRIVER -DSTM32G0B1xx -c -I../Core/Inc -I../Drivers/STM32G0xx_HAL_Driver/Inc -I../Drivers/STM32G0xx_HAL_Driver/Inc/Legacy -I../Drivers/CMSIS/Device/ST/STM32G0xx/Include -I../Drivers/CMSIS/Include -O0 -ffunction-sections -fdata-sections -Wall -fstack-usage -MMD -MP -MF"Drivers/STM32G0xx_HAL_Driver/Src/stm32g0xx_hal_pwr.d" -MT"Drivers/STM32G0xx_HAL_Driver/Src/stm32g0xx_hal_pwr.o" --specs=nano.specs -mfloat-abi=soft -mthumb -o "Drivers/STM32G0xx_HAL_Driver/Src/stm32g0xx_hal_pwr.o"
arm-none-eabi-gcc "../Drivers/STM32G0xx_HAL_Driver/Src/stm32g0xx_hal_pwr_ex.c" -mcpu=cortex-m0plus -std=gnu11 -g3 -DDEBUG -DUSE_HAL_DRIVER -DSTM32G0B1xx -c -I../Core/Inc -I../Drivers/STM32G0xx_HAL_Driver/Inc -I../Drivers/STM32G0xx_HAL_Driver/Inc/Legacy -I../Drivers/CMSIS/Device/ST/STM32G0xx/Include -I../Drivers/CMSIS/Include -O0 -ffunction-sections -fdata-sections -Wall -fstack-usage -MMD -MP -MF"Drivers/STM32G0xx_HAL_Driver/Src/stm32g0xx_hal_pwr_ex.d" -MT"Drivers/STM32G0xx_HAL_Driver/Src/stm32g0xx_hal_pwr_ex.o" --specs=nano.specs -mfloat-abi=soft -mthumb -o "Drivers/STM32G0xx_HAL_Driver/Src/stm32g0xx_hal_pwr_ex.o"
arm-none-eabi-gcc "../Drivers/STM32G0xx_HAL_Driver/Src/stm32g0xx_hal_rcc.c" -mcpu=cortex-m0plus -std=gnu11 -g3 -DDEBUG -DUSE_HAL_DRIVER -DSTM32G0B1xx -c -I../Core/Inc -I../Drivers/STM32G0xx_HAL_Driver/Inc -I../Drivers/STM32G0xx_HAL_Driver/Inc/Legacy -I../Drivers/CMSIS/Device/ST/STM32G0xx/Include -I../Drivers/CMSIS/Include -O0 -ffunction-sections -fdata-sections -Wall -fstack-usage -MMD -MP -MF"Drivers/STM32G0xx_HAL_Driver/Src/stm32g0xx_hal_rcc.d" -MT"Drivers/STM32G0xx_HAL_Driver/Src/stm32g0xx_hal_rcc.o" --specs=nano.specs -mfloat-abi=soft -mthumb -o "Drivers/STM32G0xx_HAL_Driver/Src/stm32g0xx_hal_rcc.o"
arm-none-eabi-gcc "../Drivers/STM32G0xx_HAL_Driver/Src/stm32g0xx_hal_rcc_ex.c" -mcpu=cortex-m0plus -std=gnu11 -g3 -DDEBUG -DUSE_HAL_DRIVER -DSTM32G0B1xx -c -I../Core/Inc -I../Drivers/STM32G0xx_HAL_Driver/Inc -I../Drivers/STM32G0xx_HAL_Driver/Inc/Legacy -I../Drivers/CMSIS/Device/ST/STM32G0xx/Include -I../Drivers/CMSIS/Include -O0 -ffunction-sections -fdata-sections -Wall -fstack-usage -MMD -MP -MF"Drivers/STM32G0xx_HAL_Driver/Src/stm32g0xx_hal_rcc_ex.d" -MT"Drivers/STM32G0xx_HAL_Driver/Src/stm32g0xx_hal_rcc_ex.o" --specs=nano.specs -mfloat-abi=soft -mthumb -o "Drivers/STM32G0xx_HAL_Driver/Src/stm32g0xx_hal_rcc_ex.o"
arm-none-eabi-gcc "../Drivers/STM32G0xx_HAL_Driver/Src/stm32g0xx_hal_spi.c" -mcpu=cortex-m0plus -std=gnu11 -g3 -DDEBUG -DUSE_HAL_DRIVER -DSTM32G0B1xx -c -I../Core/Inc -I../Drivers/STM32G0xx_HAL_Driver/Inc -I../Drivers/STM32G0xx_HAL_Driver/Inc/Legacy -I../Drivers/CMSIS/Device/ST/STM32G0xx/Include -I../Drivers/CMSIS/Include -O0 -ffunction-sections -fdata-sections -Wall -fstack-usage -MMD -MP -MF"Drivers/STM32G0xx_HAL_Driver/Src/stm32g0xx_hal_spi.d" -MT"Drivers/STM32G0xx_HAL_Driver/Src/stm32g0xx_hal_spi.o" --specs=nano.specs -mfloat-abi=soft -mthumb -o "Drivers/STM32G0xx_HAL_Driver/Src/stm32g0xx_hal_spi.o"
arm-none-eabi-gcc "../Drivers/STM32G0xx_HAL_Driver/Src/stm32g0xx_hal_spi_ex.c" -mcpu=cortex-m0plus -std=gnu11 -g3 -DDEBUG -DUSE_HAL_DRIVER -DSTM32G0B1xx -c -I../Core/Inc -I../Drivers/STM32G0xx_HAL_Driver/Inc -I../Drivers/STM32G0xx_HAL_Driver/Inc/Legacy -I../Drivers/CMSIS/Device/ST/STM32G0xx/Include -I../Drivers/CMSIS/Include -O0 -ffunction-sections -fdata-sections -Wall -fstack-usage -MMD -MP -MF"Drivers/STM32G0xx_HAL_Driver/Src/stm32g0xx_hal_spi_ex.d" -MT"Drivers/STM32G0xx_HAL_Driver/Src/stm32g0xx_hal_spi_ex.o" --specs=nano.specs -mfloat-abi=soft -mthumb -o "Drivers/STM32G0xx_HAL_Driver/Src/stm32g0xx_hal_spi_ex.o"
arm-none-eabi-gcc "../Drivers/STM32G0xx_HAL_Driver/Src/stm32g0xx_hal_tim.c" -mcpu=cortex-m0plus -std=gnu11 -g3 -DDEBUG -DUSE_HAL_DRIVER -DSTM32G0B1xx -c -I../Core/Inc -I../Drivers/STM32G0xx_HAL_Driver/Inc -I../Drivers/STM32G0xx_HAL_Driver/Inc/Legacy -I../Drivers/CMSIS/Device/ST/STM32G0xx/Include -I../Drivers/CMSIS/Include -O0 -ffunction-sections -fdata-sections -Wall -fstack-usage -MMD -MP -MF"Drivers/STM32G0xx_HAL_Driver/Src/stm32g0xx_hal_tim.d" -MT"Drivers/STM32G0xx_HAL_Driver/Src/stm32g0xx_hal_tim.o" --specs=nano.specs -mfloat-abi=soft -mthumb -o "Drivers/STM32G0xx_HAL_Driver/Src/stm32g0xx_hal_tim.o"
arm-none-eabi-gcc "../Drivers/STM32G0xx_HAL_Driver/Src/stm32g0xx_hal_tim_ex.c" -mcpu=cortex-m0plus -std=gnu11 -g3 -DDEBUG -DUSE_HAL_DRIVER -DSTM32G0B1xx -c -I../Core/Inc -I../Drivers/STM32G0xx_HAL_Driver/Inc -I../Drivers/STM32G0xx_HAL_Driver/Inc/Legacy -I../Drivers/CMSIS/Device/ST/STM32G0xx/Include -I../Drivers/CMSIS/Include -O0 -ffunction-sections -fdata-sections -Wall -fstack-usage -MMD -MP -MF"Drivers/STM32G0xx_HAL_Driver/Src/stm32g0xx_hal_tim_ex.d" -MT"Drivers/STM32G0xx_HAL_Driver/Src/stm32g0xx_hal_tim_ex.o" --specs=nano.specs -mfloat-abi=soft -mthumb -o "Drivers/STM32G0xx_HAL_Driver/Src/stm32g0xx_hal_tim_ex.o"
arm-none-eabi-gcc "../Drivers/STM32G0xx_HAL_Driver/Src/stm32g0xx_ll_adc.c" -mcpu=cortex-m0plus -std=gnu11 -g3 -DDEBUG -DUSE_HAL_DRIVER -DSTM32G0B1xx -c -I../Core/Inc -I../Drivers/STM32G0xx_HAL_Driver/Inc -I../Drivers/STM32G0xx_HAL_Driver/Inc/Legacy -I../Drivers/CMSIS/Device/ST/STM32G0xx/Include -I../Drivers/CMSIS/Include -O0 -ffunction-sections -fdata-sections -Wall -fstack-usage -MMD -MP -MF"Drivers/STM32G0xx_HAL_Driver/Src/stm32g0xx_ll_adc.d" -MT"Drivers/STM32G0xx_HAL_Driver/Src/stm32g0xx_ll_adc.o" --specs=nano.specs -mfloat-abi=soft -mthumb -o "Drivers/STM32G0xx_HAL_Driver/Src/stm32g0xx_ll_adc.o"
arm-none-eabi-gcc "../Drivers/STM32G0xx_HAL_Driver/Src/stm32g0xx_ll_dma.c" -mcpu=cortex-m0plus -std=gnu11 -g3 -DDEBUG -DUSE_HAL_DRIVER -DSTM32G0B1xx -c -I../Core/Inc -I../Drivers/STM32G0xx_HAL_Driver/Inc -I../Drivers/STM32G0xx_HAL_Driver/Inc/Legacy -I../Drivers/CMSIS/Device/ST/STM32G0xx/Include -I../Drivers/CMSIS/Include -O0 -ffunction-sections -fdata-sections -Wall -fstack-usage -MMD -MP -MF"Drivers/STM32G0xx_HAL_Driver/Src/stm32g0xx_ll_dma.d" -MT"Drivers/STM32G0xx_HAL_Driver/Src/stm32g0xx_ll_dma.o" --specs=nano.specs -mfloat-abi=soft -mthumb -o "Drivers/STM32G0xx_HAL_Driver/Src/stm32g0xx_ll_dma.o"
arm-none-eabi-gcc "../Drivers/STM32G0xx_HAL_Driver/Src/stm32g0xx_ll_rcc.c" -mcpu=cortex-m0plus -std=gnu11 -g3 -DDEBUG -DUSE_HAL_DRIVER -DSTM32G0B1xx -c -I../Core/Inc -I../Drivers/STM32G0xx_HAL_Driver/Inc -I../Drivers/STM32G0xx_HAL_Driver/Inc/Legacy -I../Drivers/CMSIS/Device/ST/STM32G0xx/Include -I../Drivers/CMSIS/Include -O0 -ffunction-sections -fdata-sections -Wall -fstack-usage -MMD -MP -MF"Drivers/STM32G0xx_HAL_Driver/Src/stm32g0xx_ll_rcc.d" -MT"Drivers/STM32G0xx_HAL_Driver/Src/stm32g0xx_ll_rcc.o" --specs=nano.specs -mfloat-abi=soft -mthumb -o "Drivers/STM32G0xx_HAL_Driver/Src/stm32g0xx_ll_rcc.o"
arm-none-eabi-gcc -mcpu=cortex-m0plus -g3 -DDEBUG -c -x assembler-with-cpp -MMD -MP -MF"Core/Startup/startup_stm32g0b1retx.d" -MT"Core/Startup/startup_stm32g0b1retx.o" --specs=nano.specs -mfloat-abi=soft -mthumb -o "Core/Startup/startup_stm32g0b1retx.o" "../Core/Startup/startup_stm32g0b1retx.s"
arm-none-eabi-gcc "../Core/Src/LoRa.c" -mcpu=cortex-m0plus -std=gnu11 -g3 -DDEBUG -DUSE_HAL_DRIVER -DSTM32G0B1xx -c -I../Core/Inc -I../Drivers/STM32G0xx_HAL_Driver/Inc -I../Drivers/STM32G0xx_HAL_Driver/Inc/Legacy -I../Drivers/CMSIS/Device/ST/STM32G0xx/Include -I../Drivers/CMSIS/Include -O0 -ffunction-sections -fdata-sections -Wall -fstack-usage -MMD -MP -MF"Core/Src/LoRa.d" -MT"Core/Src/LoRa.o" --specs=nano.specs -mfloat-abi=soft -mthumb -o "Core/Src/LoRa.o"
arm-none-eabi-gcc "../Core/Src/main.c" -mcpu=cortex-m0plus -std=gnu11 -g3 -DDEBUG -DUSE_HAL_DRIVER -DSTM32G0B1xx -c -I../Core/Inc -I../Drivers/STM32G0xx_HAL_Driver/Inc -I../Drivers/STM32G0xx_HAL_Driver/Inc/Legacy -I../Drivers/CMSIS/Device/ST/STM32G0xx/Include -I../Drivers/CMSIS/Include -O0 -ffunction-sections -fdata-sections -Wall -fstack-usage -MMD -MP -MF"Core/Src/main.d" -MT"Core/Src/main.o" --specs=nano.specs -mfloat-abi=soft -mthumb -o "Core/Src/main.o"
In file included from ../Core/Src/LoRa.c:1:
../Core/Inc/LoRa.h:1:1: warning: multi-line comment [-Wcomment]
arm-none-eabi-gcc "../Core/Src/stm32g0xx_hal_msp.c" -mcpu=cortex-m0plus -std=gnu11 -g3 -DDEBUG -DUSE_HAL_DRIVER -DSTM32G0B1xx -c -I../Core/Inc -I../Drivers/STM32G0xx_HAL_Driver/Inc -I../Drivers/STM32G0xx_HAL_Driver/Inc/Legacy -I../Drivers/CMSIS/Device/ST/STM32G0xx/Include -I../Drivers/CMSIS/Include -O0 -ffunction-sections -fdata-sections -Wall -fstack-usage -MMD -MP -MF"Core/Src/stm32g0xx_hal_msp.d" -MT"Core/Src/stm32g0xx_hal_msp.o" --specs=nano.specs -mfloat-abi=soft -mthumb -o "Core/Src/stm32g0xx_hal_msp.o"
    1 | // -------------------------------------------------- \\
      | ^
arm-none-eabi-gcc "../Core/Src/stm32g0xx_it.c" -mcpu=cortex-m0plus -std=gnu11 -g3 -DDEBUG -DUSE_HAL_DRIVER -DSTM32G0B1xx -c -I../Core/Inc -I../Drivers/STM32G0xx_HAL_Driver/Inc -I../Drivers/STM32G0xx_HAL_Driver/Inc/Legacy -I../Drivers/CMSIS/Device/ST/STM32G0xx/Include -I../Drivers/CMSIS/Include -O0 -ffunction-sections -fdata-sections -Wall -fstack-usage -MMD -MP -MF"Core/Src/stm32g0xx_it.d" -MT"Core/Src/stm32g0xx_it.o" --specs=nano.specs -mfloat-abi=soft -mthumb -o "Core/Src/stm32g0xx_it.o"
arm-none-eabi-gcc "../Core/Src/syscalls.c" -mcpu=cortex-m0plus -std=gnu11 -g3 -DDEBUG -DUSE_HAL_DRIVER -DSTM32G0B1xx -c -I../Core/Inc -I../Drivers/STM32G0xx_HAL_Driver/Inc -I../Drivers/STM32G0xx_HAL_Driver/Inc/Legacy -I../Drivers/CMSIS/Device/ST/STM32G0xx/Include -I../Drivers/CMSIS/Include -O0 -ffunction-sections -fdata-sections -Wall -fstack-usage -MMD -MP -MF"Core/Src/syscalls.d" -MT"Core/Src/syscalls.o" --specs=nano.specs -mfloat-abi=soft -mthumb -o "Core/Src/syscalls.o"
arm-none-eabi-gcc "../Core/Src/sysmem.c" -mcpu=cortex-m0plus -std=gnu11 -g3 -DDEBUG -DUSE_HAL_DRIVER -DSTM32G0B1xx -c -I../Core/Inc -I../Drivers/STM32G0xx_HAL_Driver/Inc -I../Drivers/STM32G0xx_HAL_Driver/Inc/Legacy -I../Drivers/CMSIS/Device/ST/STM32G0xx/Include -I../Drivers/CMSIS/Include -O0 -ffunction-sections -fdata-sections -Wall -fstack-usage -MMD -MP -MF"Core/Src/sysmem.d" -MT"Core/Src/sysmem.o" --specs=nano.specs -mfloat-abi=soft -mthumb -o "Core/Src/sysmem.o"
In file included from ../Core/Src/main.c:25:
../Core/Inc/LoRa.h:1:1: warning: multi-line comment [-Wcomment]
    1 | // -------------------------------------------------- \\
      | ^
../Core/Src/main.c: In function 'main':
../Core/Src/main.c:313:40: warning: passing argument 2 of 'LoRa_receive' from incompatible pointer type [-Wincompatible-pointer-types]
  313 |    packet_size = LoRa_receive(&myLoRa, received_data, 1);
      |                                        ^~~~~~~~~~~~~
      |                                        |
      |                                        uint32_t * {aka long unsigned int *}
In file included from ../Core/Src/main.c:25:
../Core/Inc/LoRa.h:125:44: note: expected 'uint8_t *' {aka 'unsigned char *'} but argument is of type 'uint32_t *' {aka 'long unsigned int *'}
  125 | uint8_t LoRa_receive(LoRa* _LoRa, uint8_t* data, uint8_t length);
      |                                   ~~~~~~~~~^~~~
arm-none-eabi-gcc "../Core/Src/system_stm32g0xx.c" -mcpu=cortex-m0plus -std=gnu11 -g3 -DDEBUG -DUSE_HAL_DRIVER -DSTM32G0B1xx -c -I../Core/Inc -I../Drivers/STM32G0xx_HAL_Driver/Inc -I../Drivers/STM32G0xx_HAL_Driver/Inc/Legacy -I../Drivers/CMSIS/Device/ST/STM32G0xx/Include -I../Drivers/CMSIS/Include -O0 -ffunction-sections -fdata-sections -Wall -fstack-usage -MMD -MP -MF"Core/Src/system_stm32g0xx.d" -MT"Core/Src/system_stm32g0xx.o" --specs=nano.specs -mfloat-abi=soft -mthumb -o "Core/Src/system_stm32g0xx.o"
arm-none-eabi-gcc -o "motor-cc.elf" @"objects.list"   -mcpu=cortex-m0plus -T"/home/camille/Documentos/savio/padolabs-projects/2022-1/luan-camille-gabrielly-lucas-nicholas/motor-cc/STM32G0B1RETX_FLASH.ld" --specs=nosys.specs -Wl,-Map="motor-cc.map" -Wl,--gc-sections -static --specs=nano.specs -mfloat-abi=soft -mthumb -Wl,--start-group -lc -lm -Wl,--end-group
Finished building target: motor-cc.elf
 
arm-none-eabi-size   motor-cc.elf 
arm-none-eabi-objdump -h -S  motor-cc.elf  > "motor-cc.list"
arm-none-eabi-objcopy  -O binary  motor-cc.elf  "motor-cc.bin"
   text	   data	    bss	    dec	    hex	filename
  30332	     20	   2228	  32580	   7f44	motor-cc.elf
Finished building: default.size.stdout
 
Finished building: motor-cc.bin
 
Finished building: motor-cc.list
 
11:47:07 **** Incremental Build of configuration Debug for project motor-cc ****
make -j8 all 
arm-none-eabi-size   motor-cc.elf 
   text	   data	    bss	    dec	    hex	filename
  30332	     20	   2228	  32580	   7f44	motor-cc.elf
Finished building: default.size.stdout
 
11:50:23 **** Incremental Build of configuration Debug for project motor-cc ****
make -j8 all 
arm-none-eabi-gcc "../Core/Src/main.c" -mcpu=cortex-m0plus -std=gnu11 -g3 -DDEBUG -DUSE_HAL_DRIVER -DSTM32G0B1xx -c -I../Core/Inc -I../Drivers/STM32G0xx_HAL_Driver/Inc -I../Drivers/STM32G0xx_HAL_Driver/Inc/Legacy -I../Drivers/CMSIS/Device/ST/STM32G0xx/Include -I../Drivers/CMSIS/Include -O0 -ffunction-sections -fdata-sections -Wall -fstack-usage -MMD -MP -MF"Core/Src/main.d" -MT"Core/Src/main.o" --specs=nano.specs -mfloat-abi=soft -mthumb -o "Core/Src/main.o"
In file included from ../Core/Src/main.c:25:
../Core/Inc/LoRa.h:1:1: warning: multi-line comment [-Wcomment]
    1 | // -------------------------------------------------- \\
      | ^
../Core/Src/main.c: In function 'main':
../Core/Src/main.c:313:40: warning: passing argument 2 of 'LoRa_receive' from incompatible pointer type [-Wincompatible-pointer-types]
  313 |    packet_size = LoRa_receive(&myLoRa, received_data, 1);
      |                                        ^~~~~~~~~~~~~
      |                                        |
      |                                        uint32_t * {aka long unsigned int *}
In file included from ../Core/Src/main.c:25:
../Core/Inc/LoRa.h:125:44: note: expected 'uint8_t *' {aka 'unsigned char *'} but argument is of type 'uint32_t *' {aka 'long unsigned int *'}
  125 | uint8_t LoRa_receive(LoRa* _LoRa, uint8_t* data, uint8_t length);
      |                                   ~~~~~~~~~^~~~
../Core/Src/main.c:341:32: warning: passing argument 2 of 'LoRa_transmit' from incompatible pointer type [-Wincompatible-pointer-types]
  341 |    tx = LoRa_transmit(&myLoRa, &currente, 1, 100);
      |                                ^~~~~~~~~
      |                                |
      |                                uint32_t * {aka long unsigned int *}
In file included from ../Core/Src/main.c:25:
../Core/Inc/LoRa.h:123:45: note: expected 'uint8_t *' {aka 'unsigned char *'} but argument is of type 'uint32_t *' {aka 'long unsigned int *'}
  123 | uint8_t LoRa_transmit(LoRa* _LoRa, uint8_t* data, uint8_t length, uint16_t timeout);
      |                                    ~~~~~~~~~^~~~
arm-none-eabi-gcc -o "motor-cc.elf" @"objects.list"   -mcpu=cortex-m0plus -T"/home/camille/Documentos/savio/padolabs-projects/2022-1/luan-camille-gabrielly-lucas-nicholas/motor-cc/STM32G0B1RETX_FLASH.ld" --specs=nosys.specs -Wl,-Map="motor-cc.map" -Wl,--gc-sections -static --specs=nano.specs -mfloat-abi=soft -mthumb -Wl,--start-group -lc -lm -Wl,--end-group
Finished building target: motor-cc.elf
 
arm-none-eabi-size   motor-cc.elf 
arm-none-eabi-objdump -h -S  motor-cc.elf  > "motor-cc.list"
arm-none-eabi-objcopy  -O binary  motor-cc.elf  "motor-cc.bin"
   text	   data	    bss	    dec	    hex	filename
  30732	     20	   2228	  32980	   80d4	motor-cc.elf
Finished building: default.size.stdout
Finished building: motor-cc.bin
 
 
Finished building: motor-cc.list
 
11:50:47 **** Incremental Build of configuration Debug for project motor-cc ****
make -j8 all 
arm-none-eabi-gcc "../Core/Src/main.c" -mcpu=cortex-m0plus -std=gnu11 -g3 -DDEBUG -DUSE_HAL_DRIVER -DSTM32G0B1xx -c -I../Core/Inc -I../Drivers/STM32G0xx_HAL_Driver/Inc -I../Drivers/STM32G0xx_HAL_Driver/Inc/Legacy -I../Drivers/CMSIS/Device/ST/STM32G0xx/Include -I../Drivers/CMSIS/Include -O0 -ffunction-sections -fdata-sections -Wall -fstack-usage -MMD -MP -MF"Core/Src/main.d" -MT"Core/Src/main.o" --specs=nano.specs -mfloat-abi=soft -mthumb -o "Core/Src/main.o"
In file included from ../Core/Src/main.c:25:
../Core/Inc/LoRa.h:1:1: warning: multi-line comment [-Wcomment]
    1 | // -------------------------------------------------- \\
      | ^
../Core/Src/main.c: In function 'main':
../Core/Src/main.c:313:40: warning: passing argument 2 of 'LoRa_receive' from incompatible pointer type [-Wincompatible-pointer-types]
  313 |    packet_size = LoRa_receive(&myLoRa, received_data, 1);
      |                                        ^~~~~~~~~~~~~
      |                                        |
      |                                        uint32_t * {aka long unsigned int *}
In file included from ../Core/Src/main.c:25:
../Core/Inc/LoRa.h:125:44: note: expected 'uint8_t *' {aka 'unsigned char *'} but argument is of type 'uint32_t *' {aka 'long unsigned int *'}
  125 | uint8_t LoRa_receive(LoRa* _LoRa, uint8_t* data, uint8_t length);
      |                                   ~~~~~~~~~^~~~
../Core/Src/main.c:341:27: warning: passing argument 2 of 'LoRa_transmit' from incompatible pointer type [-Wincompatible-pointer-types]
  341 |    LoRa_transmit(&myLoRa, &currente, 1, 100);
      |                           ^~~~~~~~~
      |                           |
      |                           uint32_t * {aka long unsigned int *}
In file included from ../Core/Src/main.c:25:
../Core/Inc/LoRa.h:123:45: note: expected 'uint8_t *' {aka 'unsigned char *'} but argument is of type 'uint32_t *' {aka 'long unsigned int *'}
  123 | uint8_t LoRa_transmit(LoRa* _LoRa, uint8_t* data, uint8_t length, uint16_t timeout);
      |                                    ~~~~~~~~~^~~~
arm-none-eabi-gcc -o "motor-cc.elf" @"objects.list"   -mcpu=cortex-m0plus -T"/home/camille/Documentos/savio/padolabs-projects/2022-1/luan-camille-gabrielly-lucas-nicholas/motor-cc/STM32G0B1RETX_FLASH.ld" --specs=nosys.specs -Wl,-Map="motor-cc.map" -Wl,--gc-sections -static --specs=nano.specs -mfloat-abi=soft -mthumb -Wl,--start-group -lc -lm -Wl,--end-group
Finished building target: motor-cc.elf
 
arm-none-eabi-size   motor-cc.elf 
arm-none-eabi-objdump -h -S  motor-cc.elf  > "motor-cc.list"
arm-none-eabi-objcopy  -O binary  motor-cc.elf  "motor-cc.bin"
   text	   data	    bss	    dec	    hex	filename
  30720	     20	   2228	  32968	   80c8	motor-cc.elf
Finished building: default.size.stdout
 
Finished building: motor-cc.bin
 
Finished building: motor-cc.list
 
11:53:20 **** Incremental Build of configuration Debug for project motor-cc ****
make -j8 all 
arm-none-eabi-gcc "../Core/Src/main.c" -mcpu=cortex-m0plus -std=gnu11 -g3 -DDEBUG -DUSE_HAL_DRIVER -DSTM32G0B1xx -c -I../Core/Inc -I../Drivers/STM32G0xx_HAL_Driver/Inc -I../Drivers/STM32G0xx_HAL_Driver/Inc/Legacy -I../Drivers/CMSIS/Device/ST/STM32G0xx/Include -I../Drivers/CMSIS/Include -O0 -ffunction-sections -fdata-sections -Wall -fstack-usage -MMD -MP -MF"Core/Src/main.d" -MT"Core/Src/main.o" --specs=nano.specs -mfloat-abi=soft -mthumb -o "Core/Src/main.o"
In file included from ../Core/Src/main.c:25:
../Core/Inc/LoRa.h:1:1: warning: multi-line comment [-Wcomment]
    1 | // -------------------------------------------------- \\
      | ^
../Core/Src/main.c: In function 'main':
../Core/Src/main.c:313:40: warning: passing argument 2 of 'LoRa_receive' from incompatible pointer type [-Wincompatible-pointer-types]
  313 |    packet_size = LoRa_receive(&myLoRa, received_data, 1);
      |                                        ^~~~~~~~~~~~~
      |                                        |
      |                                        uint32_t * {aka long unsigned int *}
In file included from ../Core/Src/main.c:25:
../Core/Inc/LoRa.h:125:44: note: expected 'uint8_t *' {aka 'unsigned char *'} but argument is of type 'uint32_t *' {aka 'long unsigned int *'}
  125 | uint8_t LoRa_receive(LoRa* _LoRa, uint8_t* data, uint8_t length);
      |                                   ~~~~~~~~~^~~~
../Core/Src/main.c:344:28: warning: passing argument 2 of 'LoRa_transmit' from incompatible pointer type [-Wincompatible-pointer-types]
  344 |     LoRa_transmit(&myLoRa, &currente, 1, 100);
      |                            ^~~~~~~~~
      |                            |
      |                            uint32_t * {aka long unsigned int *}
In file included from ../Core/Src/main.c:25:
../Core/Inc/LoRa.h:123:45: note: expected 'uint8_t *' {aka 'unsigned char *'} but argument is of type 'uint32_t *' {aka 'long unsigned int *'}
  123 | uint8_t LoRa_transmit(LoRa* _LoRa, uint8_t* data, uint8_t length, uint16_t timeout);
      |                                    ~~~~~~~~~^~~~
arm-none-eabi-gcc -o "motor-cc.elf" @"objects.list"   -mcpu=cortex-m0plus -T"/home/camille/Documentos/savio/padolabs-projects/2022-1/luan-camille-gabrielly-lucas-nicholas/motor-cc/STM32G0B1RETX_FLASH.ld" --specs=nosys.specs -Wl,-Map="motor-cc.map" -Wl,--gc-sections -static --specs=nano.specs -mfloat-abi=soft -mthumb -Wl,--start-group -lc -lm -Wl,--end-group
Finished building target: motor-cc.elf
 
arm-none-eabi-size   motor-cc.elf 
arm-none-eabi-objdump -h -S  motor-cc.elf  > "motor-cc.list"
arm-none-eabi-objcopy  -O binary  motor-cc.elf  "motor-cc.bin"
   text	   data	    bss	    dec	    hex	filename
  30740	     20	   2228	  32988	   80dc	motor-cc.elf
Finished building: default.size.stdout
 
Finished building: motor-cc.bin
 
Finished building: motor-cc.list
 
11:54:02 **** Incremental Build of configuration Debug for project motor-cc ****
make -j8 all 
arm-none-eabi-size   motor-cc.elf 
   text	   data	    bss	    dec	    hex	filename
  30740	     20	   2228	  32988	   80dc	motor-cc.elf
Finished building: default.size.stdout
 
11:55:03 **** Incremental Build of configuration Debug for project motor-cc ****
make -j8 all 
arm-none-eabi-gcc "../Core/Src/main.c" -mcpu=cortex-m0plus -std=gnu11 -g3 -DDEBUG -DUSE_HAL_DRIVER -DSTM32G0B1xx -c -I../Core/Inc -I../Drivers/STM32G0xx_HAL_Driver/Inc -I../Drivers/STM32G0xx_HAL_Driver/Inc/Legacy -I../Drivers/CMSIS/Device/ST/STM32G0xx/Include -I../Drivers/CMSIS/Include -O0 -ffunction-sections -fdata-sections -Wall -fstack-usage -MMD -MP -MF"Core/Src/main.d" -MT"Core/Src/main.o" --specs=nano.specs -mfloat-abi=soft -mthumb -o "Core/Src/main.o"
In file included from ../Core/Src/main.c:25:
../Core/Inc/LoRa.h:1:1: warning: multi-line comment [-Wcomment]
    1 | // -------------------------------------------------- \\
      | ^
../Core/Src/main.c: In function 'main':
../Core/Src/main.c:313:40: warning: passing argument 2 of 'LoRa_receive' from incompatible pointer type [-Wincompatible-pointer-types]
  313 |    packet_size = LoRa_receive(&myLoRa, received_data, 1);
      |                                        ^~~~~~~~~~~~~
      |                                        |
      |                                        uint32_t * {aka long unsigned int *}
In file included from ../Core/Src/main.c:25:
../Core/Inc/LoRa.h:125:44: note: expected 'uint8_t *' {aka 'unsigned char *'} but argument is of type 'uint32_t *' {aka 'long unsigned int *'}
  125 | uint8_t LoRa_receive(LoRa* _LoRa, uint8_t* data, uint8_t length);
      |                                   ~~~~~~~~~^~~~
../Core/Src/main.c:344:28: warning: passing argument 2 of 'LoRa_transmit' from incompatible pointer type [-Wincompatible-pointer-types]
  344 |     LoRa_transmit(&myLoRa, &currente, 1, 100);
      |                            ^~~~~~~~~
      |                            |
      |                            uint32_t * {aka long unsigned int *}
In file included from ../Core/Src/main.c:25:
../Core/Inc/LoRa.h:123:45: note: expected 'uint8_t *' {aka 'unsigned char *'} but argument is of type 'uint32_t *' {aka 'long unsigned int *'}
  123 | uint8_t LoRa_transmit(LoRa* _LoRa, uint8_t* data, uint8_t length, uint16_t timeout);
      |                                    ~~~~~~~~~^~~~
arm-none-eabi-gcc -o "motor-cc.elf" @"objects.list"   -mcpu=cortex-m0plus -T"/home/camille/Documentos/savio/padolabs-projects/2022-1/luan-camille-gabrielly-lucas-nicholas/motor-cc/STM32G0B1RETX_FLASH.ld" --specs=nosys.specs -Wl,-Map="motor-cc.map" -Wl,--gc-sections -static --specs=nano.specs -mfloat-abi=soft -mthumb -Wl,--start-group -lc -lm -Wl,--end-group
Finished building target: motor-cc.elf
 
arm-none-eabi-size   motor-cc.elf 
arm-none-eabi-objdump -h -S  motor-cc.elf  > "motor-cc.list"
arm-none-eabi-objcopy  -O binary  motor-cc.elf  "motor-cc.bin"
   text	   data	    bss	    dec	    hex	filename
  30732	     20	   2228	  32980	   80d4	motor-cc.elf
Finished building: default.size.stdout
 
Finished building: motor-cc.bin
 
Finished building: motor-cc.list
 
11:56:06 **** Incremental Build of configuration Debug for project motor-cc ****
make -j8 all 
arm-none-eabi-size   motor-cc.elf 
   text	   data	    bss	    dec	    hex	filename
  30732	     20	   2228	  32980	   80d4	motor-cc.elf
Finished building: default.size.stdout
 
12:01:46 **** Incremental Build of configuration Debug for project motor-cc ****
make -j8 all 
arm-none-eabi-gcc "../Core/Src/main.c" -mcpu=cortex-m0plus -std=gnu11 -g3 -DDEBUG -DUSE_HAL_DRIVER -DSTM32G0B1xx -c -I../Core/Inc -I../Drivers/STM32G0xx_HAL_Driver/Inc -I../Drivers/STM32G0xx_HAL_Driver/Inc/Legacy -I../Drivers/CMSIS/Device/ST/STM32G0xx/Include -I../Drivers/CMSIS/Include -O0 -ffunction-sections -fdata-sections -Wall -fstack-usage -MMD -MP -MF"Core/Src/main.d" -MT"Core/Src/main.o" --specs=nano.specs -mfloat-abi=soft -mthumb -o "Core/Src/main.o"
In file included from ../Core/Src/main.c:25:
../Core/Inc/LoRa.h:1:1: warning: multi-line comment [-Wcomment]
    1 | // -------------------------------------------------- \\
      | ^
../Core/Src/main.c: In function 'main':
../Core/Src/main.c:313:40: warning: passing argument 2 of 'LoRa_receive' from incompatible pointer type [-Wincompatible-pointer-types]
  313 |    packet_size = LoRa_receive(&myLoRa, received_data, 1);
      |                                        ^~~~~~~~~~~~~
      |                                        |
      |                                        uint32_t * {aka long unsigned int *}
In file included from ../Core/Src/main.c:25:
../Core/Inc/LoRa.h:125:44: note: expected 'uint8_t *' {aka 'unsigned char *'} but argument is of type 'uint32_t *' {aka 'long unsigned int *'}
  125 | uint8_t LoRa_receive(LoRa* _LoRa, uint8_t* data, uint8_t length);
      |                                   ~~~~~~~~~^~~~
../Core/Src/main.c:345:28: warning: passing argument 2 of 'LoRa_transmit' from incompatible pointer type [-Wincompatible-pointer-types]
  345 |     LoRa_transmit(&myLoRa, &currente, 1, 100);
      |                            ^~~~~~~~~
      |                            |
      |                            uint32_t * {aka long unsigned int *}
In file included from ../Core/Src/main.c:25:
../Core/Inc/LoRa.h:123:45: note: expected 'uint8_t *' {aka 'unsigned char *'} but argument is of type 'uint32_t *' {aka 'long unsigned int *'}
  123 | uint8_t LoRa_transmit(LoRa* _LoRa, uint8_t* data, uint8_t length, uint16_t timeout);
      |                                    ~~~~~~~~~^~~~
arm-none-eabi-gcc -o "motor-cc.elf" @"objects.list"   -mcpu=cortex-m0plus -T"/home/camille/Documentos/savio/padolabs-projects/2022-1/luan-camille-gabrielly-lucas-nicholas/motor-cc/STM32G0B1RETX_FLASH.ld" --specs=nosys.specs -Wl,-Map="motor-cc.map" -Wl,--gc-sections -static --specs=nano.specs -mfloat-abi=soft -mthumb -Wl,--start-group -lc -lm -Wl,--end-group
Finished building target: motor-cc.elf
 
arm-none-eabi-size   motor-cc.elf 
arm-none-eabi-objdump -h -S  motor-cc.elf  > "motor-cc.list"
arm-none-eabi-objcopy  -O binary  motor-cc.elf  "motor-cc.bin"
   text	   data	    bss	    dec	    hex	filename
  30752	     20	   2228	  33000	   80e8	motor-cc.elf
Finished building: default.size.stdout
 
Finished building: motor-cc.bin
 
Finished building: motor-cc.list
 
12:05:22 **** Incremental Build of configuration Debug for project motor-cc ****
make -j8 all 
arm-none-eabi-gcc "../Core/Src/main.c" -mcpu=cortex-m0plus -std=gnu11 -g3 -DDEBUG -DUSE_HAL_DRIVER -DSTM32G0B1xx -c -I../Core/Inc -I../Drivers/STM32G0xx_HAL_Driver/Inc -I../Drivers/STM32G0xx_HAL_Driver/Inc/Legacy -I../Drivers/CMSIS/Device/ST/STM32G0xx/Include -I../Drivers/CMSIS/Include -O0 -ffunction-sections -fdata-sections -Wall -fstack-usage -MMD -MP -MF"Core/Src/main.d" -MT"Core/Src/main.o" --specs=nano.specs -mfloat-abi=soft -mthumb -o "Core/Src/main.o"
In file included from ../Core/Src/main.c:25:
../Core/Inc/LoRa.h:1:1: warning: multi-line comment [-Wcomment]
    1 | // -------------------------------------------------- \\
      | ^
../Core/Src/main.c: In function 'main':
../Core/Src/main.c:313:40: warning: passing argument 2 of 'LoRa_receive' from incompatible pointer type [-Wincompatible-pointer-types]
  313 |    packet_size = LoRa_receive(&myLoRa, received_data, 1);
      |                                        ^~~~~~~~~~~~~
      |                                        |
      |                                        uint32_t * {aka long unsigned int *}
In file included from ../Core/Src/main.c:25:
../Core/Inc/LoRa.h:125:44: note: expected 'uint8_t *' {aka 'unsigned char *'} but argument is of type 'uint32_t *' {aka 'long unsigned int *'}
  125 | uint8_t LoRa_receive(LoRa* _LoRa, uint8_t* data, uint8_t length);
      |                                   ~~~~~~~~~^~~~
../Core/Src/main.c:345:28: warning: passing argument 2 of 'LoRa_transmit' from incompatible pointer type [-Wincompatible-pointer-types]
  345 |     LoRa_transmit(&myLoRa, &currente, 1, 100);
      |                            ^~~~~~~~~
      |                            |
      |                            uint32_t * {aka long unsigned int *}
In file included from ../Core/Src/main.c:25:
../Core/Inc/LoRa.h:123:45: note: expected 'uint8_t *' {aka 'unsigned char *'} but argument is of type 'uint32_t *' {aka 'long unsigned int *'}
  123 | uint8_t LoRa_transmit(LoRa* _LoRa, uint8_t* data, uint8_t length, uint16_t timeout);
      |                                    ~~~~~~~~~^~~~
arm-none-eabi-gcc -o "motor-cc.elf" @"objects.list"   -mcpu=cortex-m0plus -T"/home/camille/Documentos/savio/padolabs-projects/2022-1/luan-camille-gabrielly-lucas-nicholas/motor-cc/STM32G0B1RETX_FLASH.ld" --specs=nosys.specs -Wl,-Map="motor-cc.map" -Wl,--gc-sections -static --specs=nano.specs -mfloat-abi=soft -mthumb -Wl,--start-group -lc -lm -Wl,--end-group
Finished building target: motor-cc.elf
 
arm-none-eabi-size   motor-cc.elf 
arm-none-eabi-objdump -h -S  motor-cc.elf  > "motor-cc.list"
arm-none-eabi-objcopy  -O binary  motor-cc.elf  "motor-cc.bin"
   text	   data	    bss	    dec	    hex	filename
  30752	     20	   2228	  33000	   80e8	motor-cc.elf
Finished building: default.size.stdout
 
Finished building: motor-cc.bin
 
Finished building: motor-cc.list
 
12:06:59 **** Incremental Build of configuration Debug for project motor-cc ****
make -j8 all 
arm-none-eabi-gcc "../Core/Src/main.c" -mcpu=cortex-m0plus -std=gnu11 -g3 -DDEBUG -DUSE_HAL_DRIVER -DSTM32G0B1xx -c -I../Core/Inc -I../Drivers/STM32G0xx_HAL_Driver/Inc -I../Drivers/STM32G0xx_HAL_Driver/Inc/Legacy -I../Drivers/CMSIS/Device/ST/STM32G0xx/Include -I../Drivers/CMSIS/Include -O0 -ffunction-sections -fdata-sections -Wall -fstack-usage -MMD -MP -MF"Core/Src/main.d" -MT"Core/Src/main.o" --specs=nano.specs -mfloat-abi=soft -mthumb -o "Core/Src/main.o"
In file included from ../Core/Src/main.c:25:
../Core/Inc/LoRa.h:1:1: warning: multi-line comment [-Wcomment]
    1 | // -------------------------------------------------- \\
      | ^
../Core/Src/main.c: In function 'main':
../Core/Src/main.c:310:40: warning: passing argument 2 of 'LoRa_receive' from incompatible pointer type [-Wincompatible-pointer-types]
  310 |    packet_size = LoRa_receive(&myLoRa, received_data, 1);
      |                                        ^~~~~~~~~~~~~
      |                                        |
      |                                        uint32_t * {aka long unsigned int *}
In file included from ../Core/Src/main.c:25:
../Core/Inc/LoRa.h:125:44: note: expected 'uint8_t *' {aka 'unsigned char *'} but argument is of type 'uint32_t *' {aka 'long unsigned int *'}
  125 | uint8_t LoRa_receive(LoRa* _LoRa, uint8_t* data, uint8_t length);
      |                                   ~~~~~~~~~^~~~
../Core/Src/main.c:342:28: warning: passing argument 2 of 'LoRa_transmit' from incompatible pointer type [-Wincompatible-pointer-types]
  342 |     LoRa_transmit(&myLoRa, &currente, 1, 100);
      |                            ^~~~~~~~~
      |                            |
      |                            uint32_t * {aka long unsigned int *}
In file included from ../Core/Src/main.c:25:
../Core/Inc/LoRa.h:123:45: note: expected 'uint8_t *' {aka 'unsigned char *'} but argument is of type 'uint32_t *' {aka 'long unsigned int *'}
  123 | uint8_t LoRa_transmit(LoRa* _LoRa, uint8_t* data, uint8_t length, uint16_t timeout);
      |                                    ~~~~~~~~~^~~~
arm-none-eabi-gcc -o "motor-cc.elf" @"objects.list"   -mcpu=cortex-m0plus -T"/home/camille/Documentos/savio/padolabs-projects/2022-1/luan-camille-gabrielly-lucas-nicholas/motor-cc/STM32G0B1RETX_FLASH.ld" --specs=nosys.specs -Wl,-Map="motor-cc.map" -Wl,--gc-sections -static --specs=nano.specs -mfloat-abi=soft -mthumb -Wl,--start-group -lc -lm -Wl,--end-group
Finished building target: motor-cc.elf
 
arm-none-eabi-size   motor-cc.elf 
arm-none-eabi-objdump -h -S  motor-cc.elf  > "motor-cc.list"
arm-none-eabi-objcopy  -O binary  motor-cc.elf  "motor-cc.bin"
   text	   data	    bss	    dec	    hex	filename
  30740	     20	   2228	  32988	   80dc	motor-cc.elf
Finished building: default.size.stdout
 
Finished building: motor-cc.bin
 
Finished building: motor-cc.list
 
12:08:36 **** Incremental Build of configuration Debug for project motor-cc ****
make -j8 all 
arm-none-eabi-gcc "../Core/Src/main.c" -mcpu=cortex-m0plus -std=gnu11 -g3 -DDEBUG -DUSE_HAL_DRIVER -DSTM32G0B1xx -c -I../Core/Inc -I../Drivers/STM32G0xx_HAL_Driver/Inc -I../Drivers/STM32G0xx_HAL_Driver/Inc/Legacy -I../Drivers/CMSIS/Device/ST/STM32G0xx/Include -I../Drivers/CMSIS/Include -O0 -ffunction-sections -fdata-sections -Wall -fstack-usage -MMD -MP -MF"Core/Src/main.d" -MT"Core/Src/main.o" --specs=nano.specs -mfloat-abi=soft -mthumb -o "Core/Src/main.o"
In file included from ../Core/Src/main.c:25:
../Core/Inc/LoRa.h:1:1: warning: multi-line comment [-Wcomment]
    1 | // -------------------------------------------------- \\
      | ^
../Core/Src/main.c: In function 'main':
../Core/Src/main.c:310:40: warning: passing argument 2 of 'LoRa_receive' from incompatible pointer type [-Wincompatible-pointer-types]
  310 |    packet_size = LoRa_receive(&myLoRa, received_data, 1);
      |                                        ^~~~~~~~~~~~~
      |                                        |
      |                                        uint32_t * {aka long unsigned int *}
In file included from ../Core/Src/main.c:25:
../Core/Inc/LoRa.h:125:44: note: expected 'uint8_t *' {aka 'unsigned char *'} but argument is of type 'uint32_t *' {aka 'long unsigned int *'}
  125 | uint8_t LoRa_receive(LoRa* _LoRa, uint8_t* data, uint8_t length);
      |                                   ~~~~~~~~~^~~~
../Core/Src/main.c:342:28: warning: passing argument 2 of 'LoRa_transmit' from incompatible pointer type [-Wincompatible-pointer-types]
  342 |     LoRa_transmit(&myLoRa, &currente, 1, 100);
      |                            ^~~~~~~~~
      |                            |
      |                            uint32_t * {aka long unsigned int *}
In file included from ../Core/Src/main.c:25:
../Core/Inc/LoRa.h:123:45: note: expected 'uint8_t *' {aka 'unsigned char *'} but argument is of type 'uint32_t *' {aka 'long unsigned int *'}
  123 | uint8_t LoRa_transmit(LoRa* _LoRa, uint8_t* data, uint8_t length, uint16_t timeout);
      |                                    ~~~~~~~~~^~~~
arm-none-eabi-gcc -o "motor-cc.elf" @"objects.list"   -mcpu=cortex-m0plus -T"/home/camille/Documentos/savio/padolabs-projects/2022-1/luan-camille-gabrielly-lucas-nicholas/motor-cc/STM32G0B1RETX_FLASH.ld" --specs=nosys.specs -Wl,-Map="motor-cc.map" -Wl,--gc-sections -static --specs=nano.specs -mfloat-abi=soft -mthumb -Wl,--start-group -lc -lm -Wl,--end-group
Finished building target: motor-cc.elf
 
arm-none-eabi-size   motor-cc.elf 
arm-none-eabi-objdump -h -S  motor-cc.elf  > "motor-cc.list"
arm-none-eabi-objcopy  -O binary  motor-cc.elf  "motor-cc.bin"
   text	   data	    bss	    dec	    hex	filename
  30752	     20	   2228	  33000	   80e8	motor-cc.elf
Finished building: default.size.stdout
 
Finished building: motor-cc.bin
 
Finished building: motor-cc.list
 
12:09:21 **** Incremental Build of configuration Debug for project motor-cc ****
make -j8 all 
arm-none-eabi-gcc "../Core/Src/main.c" -mcpu=cortex-m0plus -std=gnu11 -g3 -DDEBUG -DUSE_HAL_DRIVER -DSTM32G0B1xx -c -I../Core/Inc -I../Drivers/STM32G0xx_HAL_Driver/Inc -I../Drivers/STM32G0xx_HAL_Driver/Inc/Legacy -I../Drivers/CMSIS/Device/ST/STM32G0xx/Include -I../Drivers/CMSIS/Include -O0 -ffunction-sections -fdata-sections -Wall -fstack-usage -MMD -MP -MF"Core/Src/main.d" -MT"Core/Src/main.o" --specs=nano.specs -mfloat-abi=soft -mthumb -o "Core/Src/main.o"
In file included from ../Core/Src/main.c:25:
../Core/Inc/LoRa.h:1:1: warning: multi-line comment [-Wcomment]
    1 | // -------------------------------------------------- \\
      | ^
../Core/Src/main.c: In function 'main':
../Core/Src/main.c:310:40: warning: passing argument 2 of 'LoRa_receive' from incompatible pointer type [-Wincompatible-pointer-types]
  310 |    packet_size = LoRa_receive(&myLoRa, received_data, 1);
      |                                        ^~~~~~~~~~~~~
      |                                        |
      |                                        uint32_t * {aka long unsigned int *}
In file included from ../Core/Src/main.c:25:
../Core/Inc/LoRa.h:125:44: note: expected 'uint8_t *' {aka 'unsigned char *'} but argument is of type 'uint32_t *' {aka 'long unsigned int *'}
  125 | uint8_t LoRa_receive(LoRa* _LoRa, uint8_t* data, uint8_t length);
      |                                   ~~~~~~~~~^~~~
../Core/Src/main.c:342:28: warning: passing argument 2 of 'LoRa_transmit' from incompatible pointer type [-Wincompatible-pointer-types]
  342 |     LoRa_transmit(&myLoRa, &currente, 1, 100);
      |                            ^~~~~~~~~
      |                            |
      |                            uint32_t * {aka long unsigned int *}
In file included from ../Core/Src/main.c:25:
../Core/Inc/LoRa.h:123:45: note: expected 'uint8_t *' {aka 'unsigned char *'} but argument is of type 'uint32_t *' {aka 'long unsigned int *'}
  123 | uint8_t LoRa_transmit(LoRa* _LoRa, uint8_t* data, uint8_t length, uint16_t timeout);
      |                                    ~~~~~~~~~^~~~
arm-none-eabi-gcc -o "motor-cc.elf" @"objects.list"   -mcpu=cortex-m0plus -T"/home/camille/Documentos/savio/padolabs-projects/2022-1/luan-camille-gabrielly-lucas-nicholas/motor-cc/STM32G0B1RETX_FLASH.ld" --specs=nosys.specs -Wl,-Map="motor-cc.map" -Wl,--gc-sections -static --specs=nano.specs -mfloat-abi=soft -mthumb -Wl,--start-group -lc -lm -Wl,--end-group
Finished building target: motor-cc.elf
 
arm-none-eabi-size   motor-cc.elf 
arm-none-eabi-objdump -h -S  motor-cc.elf  > "motor-cc.list"
arm-none-eabi-objcopy  -O binary  motor-cc.elf  "motor-cc.bin"
   text	   data	    bss	    dec	    hex	filename
  30752	     20	   2228	  33000	   80e8	motor-cc.elf
Finished building: default.size.stdout
 
Finished building: motor-cc.bin
 
Finished building: motor-cc.list
 
12:29:15 **** Incremental Build of configuration Debug for project motor-cc ****
make -j8 all 
arm-none-eabi-gcc "../Core/Src/main.c" -mcpu=cortex-m0plus -std=gnu11 -g3 -DDEBUG -DUSE_HAL_DRIVER -DSTM32G0B1xx -c -I../Core/Inc -I../Drivers/STM32G0xx_HAL_Driver/Inc -I../Drivers/STM32G0xx_HAL_Driver/Inc/Legacy -I../Drivers/CMSIS/Device/ST/STM32G0xx/Include -I../Drivers/CMSIS/Include -O0 -ffunction-sections -fdata-sections -Wall -fstack-usage -MMD -MP -MF"Core/Src/main.d" -MT"Core/Src/main.o" --specs=nano.specs -mfloat-abi=soft -mthumb -o "Core/Src/main.o"
In file included from ../Core/Src/main.c:25:
../Core/Inc/LoRa.h:1:1: warning: multi-line comment [-Wcomment]
    1 | // -------------------------------------------------- \\
      | ^
../Core/Src/main.c: In function 'main':
../Core/Src/main.c:326:40: warning: passing argument 2 of 'LoRa_receive' from incompatible pointer type [-Wincompatible-pointer-types]
  326 |    packet_size = LoRa_receive(&myLoRa, received_data, 1);
      |                                        ^~~~~~~~~~~~~
      |                                        |
      |                                        uint32_t * {aka long unsigned int *}
In file included from ../Core/Src/main.c:25:
../Core/Inc/LoRa.h:125:44: note: expected 'uint8_t *' {aka 'unsigned char *'} but argument is of type 'uint32_t *' {aka 'long unsigned int *'}
  125 | uint8_t LoRa_receive(LoRa* _LoRa, uint8_t* data, uint8_t length);
      |                                   ~~~~~~~~~^~~~
../Core/Src/main.c:358:28: warning: passing argument 2 of 'LoRa_transmit' from incompatible pointer type [-Wincompatible-pointer-types]
  358 |     LoRa_transmit(&myLoRa, &currente, 1, 100);
      |                            ^~~~~~~~~
      |                            |
      |                            uint32_t * {aka long unsigned int *}
In file included from ../Core/Src/main.c:25:
../Core/Inc/LoRa.h:123:45: note: expected 'uint8_t *' {aka 'unsigned char *'} but argument is of type 'uint32_t *' {aka 'long unsigned int *'}
  123 | uint8_t LoRa_transmit(LoRa* _LoRa, uint8_t* data, uint8_t length, uint16_t timeout);
      |                                    ~~~~~~~~~^~~~
arm-none-eabi-gcc -o "motor-cc.elf" @"objects.list"   -mcpu=cortex-m0plus -T"/home/camille/Documentos/savio/padolabs-projects/2022-1/luan-camille-gabrielly-lucas-nicholas/motor-cc/STM32G0B1RETX_FLASH.ld" --specs=nosys.specs -Wl,-Map="motor-cc.map" -Wl,--gc-sections -static --specs=nano.specs -mfloat-abi=soft -mthumb -Wl,--start-group -lc -lm -Wl,--end-group
Finished building target: motor-cc.elf
 
arm-none-eabi-size   motor-cc.elf 
arm-none-eabi-objdump -h -S  motor-cc.elf  > "motor-cc.list"
arm-none-eabi-objcopy  -O binary  motor-cc.elf  "motor-cc.bin"
   text	   data	    bss	    dec	    hex	filename
  30876	     20	   2228	  33124	   8164	motor-cc.elf
Finished building: default.size.stdout
 
Finished building: motor-cc.bin
 
Finished building: motor-cc.list
 
12:35:37 **** Incremental Build of configuration Debug for project motor-cc ****
make -j8 all 
arm-none-eabi-gcc "../Core/Src/main.c" -mcpu=cortex-m0plus -std=gnu11 -g3 -DDEBUG -DUSE_HAL_DRIVER -DSTM32G0B1xx -c -I../Core/Inc -I../Drivers/STM32G0xx_HAL_Driver/Inc -I../Drivers/STM32G0xx_HAL_Driver/Inc/Legacy -I../Drivers/CMSIS/Device/ST/STM32G0xx/Include -I../Drivers/CMSIS/Include -O0 -ffunction-sections -fdata-sections -Wall -fstack-usage -MMD -MP -MF"Core/Src/main.d" -MT"Core/Src/main.o" --specs=nano.specs -mfloat-abi=soft -mthumb -o "Core/Src/main.o"
In file included from ../Core/Src/main.c:25:
../Core/Inc/LoRa.h:1:1: warning: multi-line comment [-Wcomment]
    1 | // -------------------------------------------------- \\
      | ^
../Core/Src/main.c: In function 'main':
../Core/Src/main.c:326:40: warning: passing argument 2 of 'LoRa_receive' from incompatible pointer type [-Wincompatible-pointer-types]
  326 |    packet_size = LoRa_receive(&myLoRa, received_data, 1);
      |                                        ^~~~~~~~~~~~~
      |                                        |
      |                                        uint32_t * {aka long unsigned int *}
In file included from ../Core/Src/main.c:25:
../Core/Inc/LoRa.h:125:44: note: expected 'uint8_t *' {aka 'unsigned char *'} but argument is of type 'uint32_t *' {aka 'long unsigned int *'}
  125 | uint8_t LoRa_receive(LoRa* _LoRa, uint8_t* data, uint8_t length);
      |                                   ~~~~~~~~~^~~~
../Core/Src/main.c:358:28: warning: passing argument 2 of 'LoRa_transmit' from incompatible pointer type [-Wincompatible-pointer-types]
  358 |     LoRa_transmit(&myLoRa, &currente, 1, 100);
      |                            ^~~~~~~~~
      |                            |
      |                            uint32_t * {aka long unsigned int *}
In file included from ../Core/Src/main.c:25:
../Core/Inc/LoRa.h:123:45: note: expected 'uint8_t *' {aka 'unsigned char *'} but argument is of type 'uint32_t *' {aka 'long unsigned int *'}
  123 | uint8_t LoRa_transmit(LoRa* _LoRa, uint8_t* data, uint8_t length, uint16_t timeout);
      |                                    ~~~~~~~~~^~~~
arm-none-eabi-gcc -o "motor-cc.elf" @"objects.list"   -mcpu=cortex-m0plus -T"/home/camille/Documentos/savio/padolabs-projects/2022-1/luan-camille-gabrielly-lucas-nicholas/motor-cc/STM32G0B1RETX_FLASH.ld" --specs=nosys.specs -Wl,-Map="motor-cc.map" -Wl,--gc-sections -static --specs=nano.specs -mfloat-abi=soft -mthumb -Wl,--start-group -lc -lm -Wl,--end-group
Finished building target: motor-cc.elf
 
arm-none-eabi-size   motor-cc.elf 
arm-none-eabi-objdump -h -S  motor-cc.elf  > "motor-cc.list"
arm-none-eabi-objcopy  -O binary  motor-cc.elf  "motor-cc.bin"
   text	   data	    bss	    dec	    hex	filename
  30880	     20	   2228	  33128	   8168	motor-cc.elf
Finished building: default.size.stdout
 
Finished building: motor-cc.bin
 
Finished building: motor-cc.list
 
12:39:14 **** Incremental Build of configuration Debug for project motor-cc ****
make -j8 all 
arm-none-eabi-gcc "../Core/Src/main.c" -mcpu=cortex-m0plus -std=gnu11 -g3 -DDEBUG -DUSE_HAL_DRIVER -DSTM32G0B1xx -c -I../Core/Inc -I../Drivers/STM32G0xx_HAL_Driver/Inc -I../Drivers/STM32G0xx_HAL_Driver/Inc/Legacy -I../Drivers/CMSIS/Device/ST/STM32G0xx/Include -I../Drivers/CMSIS/Include -O0 -ffunction-sections -fdata-sections -Wall -fstack-usage -MMD -MP -MF"Core/Src/main.d" -MT"Core/Src/main.o" --specs=nano.specs -mfloat-abi=soft -mthumb -o "Core/Src/main.o"
In file included from ../Core/Src/main.c:25:
../Core/Inc/LoRa.h:1:1: warning: multi-line comment [-Wcomment]
    1 | // -------------------------------------------------- \\
      | ^
../Core/Src/main.c: In function 'main':
../Core/Src/main.c:326:40: warning: passing argument 2 of 'LoRa_receive' from incompatible pointer type [-Wincompatible-pointer-types]
  326 |    packet_size = LoRa_receive(&myLoRa, received_data, 1);
      |                                        ^~~~~~~~~~~~~
      |                                        |
      |                                        uint32_t * {aka long unsigned int *}
In file included from ../Core/Src/main.c:25:
../Core/Inc/LoRa.h:125:44: note: expected 'uint8_t *' {aka 'unsigned char *'} but argument is of type 'uint32_t *' {aka 'long unsigned int *'}
  125 | uint8_t LoRa_receive(LoRa* _LoRa, uint8_t* data, uint8_t length);
      |                                   ~~~~~~~~~^~~~
../Core/Src/main.c:358:28: warning: passing argument 2 of 'LoRa_transmit' from incompatible pointer type [-Wincompatible-pointer-types]
  358 |     LoRa_transmit(&myLoRa, &currente, 1, 100);
      |                            ^~~~~~~~~
      |                            |
      |                            uint32_t * {aka long unsigned int *}
In file included from ../Core/Src/main.c:25:
../Core/Inc/LoRa.h:123:45: note: expected 'uint8_t *' {aka 'unsigned char *'} but argument is of type 'uint32_t *' {aka 'long unsigned int *'}
  123 | uint8_t LoRa_transmit(LoRa* _LoRa, uint8_t* data, uint8_t length, uint16_t timeout);
      |                                    ~~~~~~~~~^~~~
arm-none-eabi-gcc -o "motor-cc.elf" @"objects.list"   -mcpu=cortex-m0plus -T"/home/camille/Documentos/savio/padolabs-projects/2022-1/luan-camille-gabrielly-lucas-nicholas/motor-cc/STM32G0B1RETX_FLASH.ld" --specs=nosys.specs -Wl,-Map="motor-cc.map" -Wl,--gc-sections -static --specs=nano.specs -mfloat-abi=soft -mthumb -Wl,--start-group -lc -lm -Wl,--end-group
Finished building target: motor-cc.elf
 
arm-none-eabi-size   motor-cc.elf 
arm-none-eabi-objdump -h -S  motor-cc.elf  > "motor-cc.list"
arm-none-eabi-objcopy  -O binary  motor-cc.elf  "motor-cc.bin"
   text	   data	    bss	    dec	    hex	filename
  30880	     20	   2228	  33128	   8168	motor-cc.elf
Finished building: default.size.stdout
 
Finished building: motor-cc.bin
 
Finished building: motor-cc.list
 
12:43:19 **** Incremental Build of configuration Debug for project motor-cc ****
make -j8 all 
arm-none-eabi-gcc "../Core/Src/main.c" -mcpu=cortex-m0plus -std=gnu11 -g3 -DDEBUG -DUSE_HAL_DRIVER -DSTM32G0B1xx -c -I../Core/Inc -I../Drivers/STM32G0xx_HAL_Driver/Inc -I../Drivers/STM32G0xx_HAL_Driver/Inc/Legacy -I../Drivers/CMSIS/Device/ST/STM32G0xx/Include -I../Drivers/CMSIS/Include -O0 -ffunction-sections -fdata-sections -Wall -fstack-usage -MMD -MP -MF"Core/Src/main.d" -MT"Core/Src/main.o" --specs=nano.specs -mfloat-abi=soft -mthumb -o "Core/Src/main.o"
In file included from ../Core/Src/main.c:25:
../Core/Inc/LoRa.h:1:1: warning: multi-line comment [-Wcomment]
    1 | // -------------------------------------------------- \\
      | ^
../Core/Src/main.c: In function 'main':
../Core/Src/main.c:336:40: warning: passing argument 2 of 'LoRa_receive' from incompatible pointer type [-Wincompatible-pointer-types]
  336 |    packet_size = LoRa_receive(&myLoRa, received_data, 1);
      |                                        ^~~~~~~~~~~~~
      |                                        |
      |                                        uint32_t * {aka long unsigned int *}
In file included from ../Core/Src/main.c:25:
../Core/Inc/LoRa.h:125:44: note: expected 'uint8_t *' {aka 'unsigned char *'} but argument is of type 'uint32_t *' {aka 'long unsigned int *'}
  125 | uint8_t LoRa_receive(LoRa* _LoRa, uint8_t* data, uint8_t length);
      |                                   ~~~~~~~~~^~~~
../Core/Src/main.c:368:28: warning: passing argument 2 of 'LoRa_transmit' from incompatible pointer type [-Wincompatible-pointer-types]
  368 |     LoRa_transmit(&myLoRa, &currente, 1, 100);
      |                            ^~~~~~~~~
      |                            |
      |                            uint32_t * {aka long unsigned int *}
In file included from ../Core/Src/main.c:25:
../Core/Inc/LoRa.h:123:45: note: expected 'uint8_t *' {aka 'unsigned char *'} but argument is of type 'uint32_t *' {aka 'long unsigned int *'}
  123 | uint8_t LoRa_transmit(LoRa* _LoRa, uint8_t* data, uint8_t length, uint16_t timeout);
      |                                    ~~~~~~~~~^~~~
arm-none-eabi-gcc -o "motor-cc.elf" @"objects.list"   -mcpu=cortex-m0plus -T"/home/camille/Documentos/savio/padolabs-projects/2022-1/luan-camille-gabrielly-lucas-nicholas/motor-cc/STM32G0B1RETX_FLASH.ld" --specs=nosys.specs -Wl,-Map="motor-cc.map" -Wl,--gc-sections -static --specs=nano.specs -mfloat-abi=soft -mthumb -Wl,--start-group -lc -lm -Wl,--end-group
Finished building target: motor-cc.elf
 
arm-none-eabi-size   motor-cc.elf 
arm-none-eabi-objdump -h -S  motor-cc.elf  > "motor-cc.list"
arm-none-eabi-objcopy  -O binary  motor-cc.elf  "motor-cc.bin"
   text	   data	    bss	    dec	    hex	filename
  30944	     20	   2228	  33192	   81a8	motor-cc.elf
Finished building: default.size.stdout
 
Finished building: motor-cc.bin
 
Finished building: motor-cc.list
 
12:46:30 **** Incremental Build of configuration Debug for project motor-cc ****
make -j8 all 
arm-none-eabi-gcc "../Core/Src/main.c" -mcpu=cortex-m0plus -std=gnu11 -g3 -DDEBUG -DUSE_HAL_DRIVER -DSTM32G0B1xx -c -I../Core/Inc -I../Drivers/STM32G0xx_HAL_Driver/Inc -I../Drivers/STM32G0xx_HAL_Driver/Inc/Legacy -I../Drivers/CMSIS/Device/ST/STM32G0xx/Include -I../Drivers/CMSIS/Include -O0 -ffunction-sections -fdata-sections -Wall -fstack-usage -MMD -MP -MF"Core/Src/main.d" -MT"Core/Src/main.o" --specs=nano.specs -mfloat-abi=soft -mthumb -o "Core/Src/main.o"
In file included from ../Core/Src/main.c:25:
../Core/Inc/LoRa.h:1:1: warning: multi-line comment [-Wcomment]
    1 | // -------------------------------------------------- \\
      | ^
../Core/Src/main.c: In function 'main':
../Core/Src/main.c:336:40: warning: passing argument 2 of 'LoRa_receive' from incompatible pointer type [-Wincompatible-pointer-types]
  336 |    packet_size = LoRa_receive(&myLoRa, received_data, 1);
      |                                        ^~~~~~~~~~~~~
      |                                        |
      |                                        uint32_t * {aka long unsigned int *}
In file included from ../Core/Src/main.c:25:
../Core/Inc/LoRa.h:125:44: note: expected 'uint8_t *' {aka 'unsigned char *'} but argument is of type 'uint32_t *' {aka 'long unsigned int *'}
  125 | uint8_t LoRa_receive(LoRa* _LoRa, uint8_t* data, uint8_t length);
      |                                   ~~~~~~~~~^~~~
../Core/Src/main.c:368:28: warning: passing argument 2 of 'LoRa_transmit' from incompatible pointer type [-Wincompatible-pointer-types]
  368 |     LoRa_transmit(&myLoRa, &currente, 1, 100);
      |                            ^~~~~~~~~
      |                            |
      |                            uint32_t * {aka long unsigned int *}
In file included from ../Core/Src/main.c:25:
../Core/Inc/LoRa.h:123:45: note: expected 'uint8_t *' {aka 'unsigned char *'} but argument is of type 'uint32_t *' {aka 'long unsigned int *'}
  123 | uint8_t LoRa_transmit(LoRa* _LoRa, uint8_t* data, uint8_t length, uint16_t timeout);
      |                                    ~~~~~~~~~^~~~
arm-none-eabi-gcc -o "motor-cc.elf" @"objects.list"   -mcpu=cortex-m0plus -T"/home/camille/Documentos/savio/padolabs-projects/2022-1/luan-camille-gabrielly-lucas-nicholas/motor-cc/STM32G0B1RETX_FLASH.ld" --specs=nosys.specs -Wl,-Map="motor-cc.map" -Wl,--gc-sections -static --specs=nano.specs -mfloat-abi=soft -mthumb -Wl,--start-group -lc -lm -Wl,--end-group
Finished building target: motor-cc.elf
 
arm-none-eabi-size   motor-cc.elf 
arm-none-eabi-objdump -h -S  motor-cc.elf  > "motor-cc.list"
arm-none-eabi-objcopy  -O binary  motor-cc.elf  "motor-cc.bin"
   text	   data	    bss	    dec	    hex	filename
  30944	     20	   2228	  33192	   81a8	motor-cc.elf
Finished building: default.size.stdout
 
Finished building: motor-cc.bin
 
Finished building: motor-cc.list
 
12:52:11 **** Incremental Build of configuration Debug for project motor-cc ****
make -j8 all 
arm-none-eabi-gcc "../Core/Src/main.c" -mcpu=cortex-m0plus -std=gnu11 -g3 -DDEBUG -DUSE_HAL_DRIVER -DSTM32G0B1xx -c -I../Core/Inc -I../Drivers/STM32G0xx_HAL_Driver/Inc -I../Drivers/STM32G0xx_HAL_Driver/Inc/Legacy -I../Drivers/CMSIS/Device/ST/STM32G0xx/Include -I../Drivers/CMSIS/Include -O0 -ffunction-sections -fdata-sections -Wall -fstack-usage -MMD -MP -MF"Core/Src/main.d" -MT"Core/Src/main.o" --specs=nano.specs -mfloat-abi=soft -mthumb -o "Core/Src/main.o"
In file included from ../Core/Src/main.c:25:
../Core/Inc/LoRa.h:1:1: warning: multi-line comment [-Wcomment]
    1 | // -------------------------------------------------- \\
      | ^
../Core/Src/main.c: In function 'main':
../Core/Src/main.c:330:40: warning: passing argument 2 of 'LoRa_receive' from incompatible pointer type [-Wincompatible-pointer-types]
  330 |    packet_size = LoRa_receive(&myLoRa, received_data, 1);
      |                                        ^~~~~~~~~~~~~
      |                                        |
      |                                        uint32_t * {aka long unsigned int *}
In file included from ../Core/Src/main.c:25:
../Core/Inc/LoRa.h:125:44: note: expected 'uint8_t *' {aka 'unsigned char *'} but argument is of type 'uint32_t *' {aka 'long unsigned int *'}
  125 | uint8_t LoRa_receive(LoRa* _LoRa, uint8_t* data, uint8_t length);
      |                                   ~~~~~~~~~^~~~
../Core/Src/main.c:362:28: warning: passing argument 2 of 'LoRa_transmit' from incompatible pointer type [-Wincompatible-pointer-types]
  362 |     LoRa_transmit(&myLoRa, &currente, 1, 100);
      |                            ^~~~~~~~~
      |                            |
      |                            uint32_t * {aka long unsigned int *}
In file included from ../Core/Src/main.c:25:
../Core/Inc/LoRa.h:123:45: note: expected 'uint8_t *' {aka 'unsigned char *'} but argument is of type 'uint32_t *' {aka 'long unsigned int *'}
  123 | uint8_t LoRa_transmit(LoRa* _LoRa, uint8_t* data, uint8_t length, uint16_t timeout);
      |                                    ~~~~~~~~~^~~~
arm-none-eabi-gcc -o "motor-cc.elf" @"objects.list"   -mcpu=cortex-m0plus -T"/home/camille/Documentos/savio/padolabs-projects/2022-1/luan-camille-gabrielly-lucas-nicholas/motor-cc/STM32G0B1RETX_FLASH.ld" --specs=nosys.specs -Wl,-Map="motor-cc.map" -Wl,--gc-sections -static --specs=nano.specs -mfloat-abi=soft -mthumb -Wl,--start-group -lc -lm -Wl,--end-group
Finished building target: motor-cc.elf
 
arm-none-eabi-size   motor-cc.elf 
arm-none-eabi-objdump -h -S  motor-cc.elf  > "motor-cc.list"
arm-none-eabi-objcopy  -O binary  motor-cc.elf  "motor-cc.bin"
   text	   data	    bss	    dec	    hex	filename
  30940	     20	   2228	  33188	   81a4	motor-cc.elf
Finished building: default.size.stdout
 
Finished building: motor-cc.bin
 
Finished building: motor-cc.list
 
12:53:42 **** Incremental Build of configuration Debug for project motor-cc ****
make -j8 all 
arm-none-eabi-gcc "../Core/Src/main.c" -mcpu=cortex-m0plus -std=gnu11 -g3 -DDEBUG -DUSE_HAL_DRIVER -DSTM32G0B1xx -c -I../Core/Inc -I../Drivers/STM32G0xx_HAL_Driver/Inc -I../Drivers/STM32G0xx_HAL_Driver/Inc/Legacy -I../Drivers/CMSIS/Device/ST/STM32G0xx/Include -I../Drivers/CMSIS/Include -O0 -ffunction-sections -fdata-sections -Wall -fstack-usage -MMD -MP -MF"Core/Src/main.d" -MT"Core/Src/main.o" --specs=nano.specs -mfloat-abi=soft -mthumb -o "Core/Src/main.o"
In file included from ../Core/Src/main.c:25:
../Core/Inc/LoRa.h:1:1: warning: multi-line comment [-Wcomment]
    1 | // -------------------------------------------------- \\
      | ^
../Core/Src/main.c: In function 'main':
../Core/Src/main.c:325:40: warning: passing argument 2 of 'LoRa_receive' from incompatible pointer type [-Wincompatible-pointer-types]
  325 |    packet_size = LoRa_receive(&myLoRa, received_data, 1);
      |                                        ^~~~~~~~~~~~~
      |                                        |
      |                                        uint32_t * {aka long unsigned int *}
In file included from ../Core/Src/main.c:25:
../Core/Inc/LoRa.h:125:44: note: expected 'uint8_t *' {aka 'unsigned char *'} but argument is of type 'uint32_t *' {aka 'long unsigned int *'}
  125 | uint8_t LoRa_receive(LoRa* _LoRa, uint8_t* data, uint8_t length);
      |                                   ~~~~~~~~~^~~~
../Core/Src/main.c:357:28: warning: passing argument 2 of 'LoRa_transmit' from incompatible pointer type [-Wincompatible-pointer-types]
  357 |     LoRa_transmit(&myLoRa, &currente, 1, 100);
      |                            ^~~~~~~~~
      |                            |
      |                            uint32_t * {aka long unsigned int *}
In file included from ../Core/Src/main.c:25:
../Core/Inc/LoRa.h:123:45: note: expected 'uint8_t *' {aka 'unsigned char *'} but argument is of type 'uint32_t *' {aka 'long unsigned int *'}
  123 | uint8_t LoRa_transmit(LoRa* _LoRa, uint8_t* data, uint8_t length, uint16_t timeout);
      |                                    ~~~~~~~~~^~~~
arm-none-eabi-gcc -o "motor-cc.elf" @"objects.list"   -mcpu=cortex-m0plus -T"/home/camille/Documentos/savio/padolabs-projects/2022-1/luan-camille-gabrielly-lucas-nicholas/motor-cc/STM32G0B1RETX_FLASH.ld" --specs=nosys.specs -Wl,-Map="motor-cc.map" -Wl,--gc-sections -static --specs=nano.specs -mfloat-abi=soft -mthumb -Wl,--start-group -lc -lm -Wl,--end-group
Finished building target: motor-cc.elf
 
arm-none-eabi-size   motor-cc.elf 
arm-none-eabi-objdump -h -S  motor-cc.elf  > "motor-cc.list"
arm-none-eabi-objcopy  -O binary  motor-cc.elf  "motor-cc.bin"
   text	   data	    bss	    dec	    hex	filename
  30900	     20	   2228	  33148	   817c	motor-cc.elf
Finished building: default.size.stdout
 
Finished building: motor-cc.bin
 
Finished building: motor-cc.list
 
12:56:22 **** Incremental Build of configuration Debug for project motor-cc ****
make -j8 all 
arm-none-eabi-gcc "../Core/Src/main.c" -mcpu=cortex-m0plus -std=gnu11 -g3 -DDEBUG -DUSE_HAL_DRIVER -DSTM32G0B1xx -c -I../Core/Inc -I../Drivers/STM32G0xx_HAL_Driver/Inc -I../Drivers/STM32G0xx_HAL_Driver/Inc/Legacy -I../Drivers/CMSIS/Device/ST/STM32G0xx/Include -I../Drivers/CMSIS/Include -O0 -ffunction-sections -fdata-sections -Wall -fstack-usage -MMD -MP -MF"Core/Src/main.d" -MT"Core/Src/main.o" --specs=nano.specs -mfloat-abi=soft -mthumb -o "Core/Src/main.o"
In file included from ../Core/Src/main.c:25:
../Core/Inc/LoRa.h:1:1: warning: multi-line comment [-Wcomment]
    1 | // -------------------------------------------------- \\
      | ^
../Core/Src/main.c: In function 'main':
../Core/Src/main.c:325:40: warning: passing argument 2 of 'LoRa_receive' from incompatible pointer type [-Wincompatible-pointer-types]
  325 |    packet_size = LoRa_receive(&myLoRa, received_data, 1);
      |                                        ^~~~~~~~~~~~~
      |                                        |
      |                                        uint32_t * {aka long unsigned int *}
In file included from ../Core/Src/main.c:25:
../Core/Inc/LoRa.h:125:44: note: expected 'uint8_t *' {aka 'unsigned char *'} but argument is of type 'uint32_t *' {aka 'long unsigned int *'}
  125 | uint8_t LoRa_receive(LoRa* _LoRa, uint8_t* data, uint8_t length);
      |                                   ~~~~~~~~~^~~~
../Core/Src/main.c:360:28: warning: passing argument 2 of 'LoRa_transmit' from incompatible pointer type [-Wincompatible-pointer-types]
  360 |     LoRa_transmit(&myLoRa, &currente, 1, 100);
      |                            ^~~~~~~~~
      |                            |
      |                            uint32_t * {aka long unsigned int *}
In file included from ../Core/Src/main.c:25:
../Core/Inc/LoRa.h:123:45: note: expected 'uint8_t *' {aka 'unsigned char *'} but argument is of type 'uint32_t *' {aka 'long unsigned int *'}
  123 | uint8_t LoRa_transmit(LoRa* _LoRa, uint8_t* data, uint8_t length, uint16_t timeout);
      |                                    ~~~~~~~~~^~~~
arm-none-eabi-gcc -o "motor-cc.elf" @"objects.list"   -mcpu=cortex-m0plus -T"/home/camille/Documentos/savio/padolabs-projects/2022-1/luan-camille-gabrielly-lucas-nicholas/motor-cc/STM32G0B1RETX_FLASH.ld" --specs=nosys.specs -Wl,-Map="motor-cc.map" -Wl,--gc-sections -static --specs=nano.specs -mfloat-abi=soft -mthumb -Wl,--start-group -lc -lm -Wl,--end-group
Finished building target: motor-cc.elf
 
arm-none-eabi-size   motor-cc.elf 
arm-none-eabi-objdump -h -S  motor-cc.elf  > "motor-cc.list"
arm-none-eabi-objcopy  -O binary  motor-cc.elf  "motor-cc.bin"
   text	   data	    bss	    dec	    hex	filename
  30908	     20	   2228	  33156	   8184	motor-cc.elf
Finished building: default.size.stdout
 
Finished building: motor-cc.bin
 
Finished building: motor-cc.list
 
12:59:12 **** Incremental Build of configuration Debug for project motor-cc ****
make -j8 all 
arm-none-eabi-gcc "../Core/Src/main.c" -mcpu=cortex-m0plus -std=gnu11 -g3 -DDEBUG -DUSE_HAL_DRIVER -DSTM32G0B1xx -c -I../Core/Inc -I../Drivers/STM32G0xx_HAL_Driver/Inc -I../Drivers/STM32G0xx_HAL_Driver/Inc/Legacy -I../Drivers/CMSIS/Device/ST/STM32G0xx/Include -I../Drivers/CMSIS/Include -O0 -ffunction-sections -fdata-sections -Wall -fstack-usage -MMD -MP -MF"Core/Src/main.d" -MT"Core/Src/main.o" --specs=nano.specs -mfloat-abi=soft -mthumb -o "Core/Src/main.o"
In file included from ../Core/Src/main.c:25:
../Core/Inc/LoRa.h:1:1: warning: multi-line comment [-Wcomment]
    1 | // -------------------------------------------------- \\
      | ^
../Core/Src/main.c: In function 'main':
../Core/Src/main.c:326:40: warning: passing argument 2 of 'LoRa_receive' from incompatible pointer type [-Wincompatible-pointer-types]
  326 |    packet_size = LoRa_receive(&myLoRa, received_data, 1);
      |                                        ^~~~~~~~~~~~~
      |                                        |
      |                                        uint32_t * {aka long unsigned int *}
In file included from ../Core/Src/main.c:25:
../Core/Inc/LoRa.h:125:44: note: expected 'uint8_t *' {aka 'unsigned char *'} but argument is of type 'uint32_t *' {aka 'long unsigned int *'}
  125 | uint8_t LoRa_receive(LoRa* _LoRa, uint8_t* data, uint8_t length);
      |                                   ~~~~~~~~~^~~~
../Core/Src/main.c:359:28: warning: passing argument 2 of 'LoRa_transmit' from incompatible pointer type [-Wincompatible-pointer-types]
  359 |     LoRa_transmit(&myLoRa, &currente, 1, 100);
      |                            ^~~~~~~~~
      |                            |
      |                            uint32_t * {aka long unsigned int *}
In file included from ../Core/Src/main.c:25:
../Core/Inc/LoRa.h:123:45: note: expected 'uint8_t *' {aka 'unsigned char *'} but argument is of type 'uint32_t *' {aka 'long unsigned int *'}
  123 | uint8_t LoRa_transmit(LoRa* _LoRa, uint8_t* data, uint8_t length, uint16_t timeout);
      |                                    ~~~~~~~~~^~~~
arm-none-eabi-gcc -o "motor-cc.elf" @"objects.list"   -mcpu=cortex-m0plus -T"/home/camille/Documentos/savio/padolabs-projects/2022-1/luan-camille-gabrielly-lucas-nicholas/motor-cc/STM32G0B1RETX_FLASH.ld" --specs=nosys.specs -Wl,-Map="motor-cc.map" -Wl,--gc-sections -static --specs=nano.specs -mfloat-abi=soft -mthumb -Wl,--start-group -lc -lm -Wl,--end-group
Finished building target: motor-cc.elf
 
arm-none-eabi-size   motor-cc.elf 
arm-none-eabi-objdump -h -S  motor-cc.elf  > "motor-cc.list"
arm-none-eabi-objcopy  -O binary  motor-cc.elf  "motor-cc.bin"
   text	   data	    bss	    dec	    hex	filename
  30904	     20	   2228	  33152	   8180	motor-cc.elf
Finished building: default.size.stdout
 
Finished building: motor-cc.bin
 
Finished building: motor-cc.list
 
13:02:15 **** Incremental Build of configuration Debug for project motor-cc ****
make -j8 all 
arm-none-eabi-gcc "../Core/Src/main.c" -mcpu=cortex-m0plus -std=gnu11 -g3 -DDEBUG -DUSE_HAL_DRIVER -DSTM32G0B1xx -c -I../Core/Inc -I../Drivers/STM32G0xx_HAL_Driver/Inc -I../Drivers/STM32G0xx_HAL_Driver/Inc/Legacy -I../Drivers/CMSIS/Device/ST/STM32G0xx/Include -I../Drivers/CMSIS/Include -O0 -ffunction-sections -fdata-sections -Wall -fstack-usage -MMD -MP -MF"Core/Src/main.d" -MT"Core/Src/main.o" --specs=nano.specs -mfloat-abi=soft -mthumb -o "Core/Src/main.o"
In file included from ../Core/Src/main.c:25:
../Core/Inc/LoRa.h:1:1: warning: multi-line comment [-Wcomment]
    1 | // -------------------------------------------------- \\
      | ^
../Core/Src/main.c: In function 'main':
../Core/Src/main.c:345:40: warning: passing argument 2 of 'LoRa_receive' from incompatible pointer type [-Wincompatible-pointer-types]
  345 |    packet_size = LoRa_receive(&myLoRa, received_data, 1);
      |                                        ^~~~~~~~~~~~~
      |                                        |
      |                                        uint32_t * {aka long unsigned int *}
In file included from ../Core/Src/main.c:25:
../Core/Inc/LoRa.h:125:44: note: expected 'uint8_t *' {aka 'unsigned char *'} but argument is of type 'uint32_t *' {aka 'long unsigned int *'}
  125 | uint8_t LoRa_receive(LoRa* _LoRa, uint8_t* data, uint8_t length);
      |                                   ~~~~~~~~~^~~~
../Core/Src/main.c:378:28: warning: passing argument 2 of 'LoRa_transmit' from incompatible pointer type [-Wincompatible-pointer-types]
  378 |     LoRa_transmit(&myLoRa, &currente, 1, 100);
      |                            ^~~~~~~~~
      |                            |
      |                            uint32_t * {aka long unsigned int *}
In file included from ../Core/Src/main.c:25:
../Core/Inc/LoRa.h:123:45: note: expected 'uint8_t *' {aka 'unsigned char *'} but argument is of type 'uint32_t *' {aka 'long unsigned int *'}
  123 | uint8_t LoRa_transmit(LoRa* _LoRa, uint8_t* data, uint8_t length, uint16_t timeout);
      |                                    ~~~~~~~~~^~~~
arm-none-eabi-gcc -o "motor-cc.elf" @"objects.list"   -mcpu=cortex-m0plus -T"/home/camille/Documentos/savio/padolabs-projects/2022-1/luan-camille-gabrielly-lucas-nicholas/motor-cc/STM32G0B1RETX_FLASH.ld" --specs=nosys.specs -Wl,-Map="motor-cc.map" -Wl,--gc-sections -static --specs=nano.specs -mfloat-abi=soft -mthumb -Wl,--start-group -lc -lm -Wl,--end-group
Finished building target: motor-cc.elf
 
arm-none-eabi-size   motor-cc.elf 
arm-none-eabi-objdump -h -S  motor-cc.elf  > "motor-cc.list"
arm-none-eabi-objcopy  -O binary  motor-cc.elf  "motor-cc.bin"
   text	   data	    bss	    dec	    hex	filename
  31024	     20	   2228	  33272	   81f8	motor-cc.elf
Finished building: default.size.stdout
 
Finished building: motor-cc.bin
 
Finished building: motor-cc.list
 
13:03:20 **** Incremental Build of configuration Debug for project motor-cc ****
make -j8 all 
arm-none-eabi-gcc "../Core/Src/main.c" -mcpu=cortex-m0plus -std=gnu11 -g3 -DDEBUG -DUSE_HAL_DRIVER -DSTM32G0B1xx -c -I../Core/Inc -I../Drivers/STM32G0xx_HAL_Driver/Inc -I../Drivers/STM32G0xx_HAL_Driver/Inc/Legacy -I../Drivers/CMSIS/Device/ST/STM32G0xx/Include -I../Drivers/CMSIS/Include -O0 -ffunction-sections -fdata-sections -Wall -fstack-usage -MMD -MP -MF"Core/Src/main.d" -MT"Core/Src/main.o" --specs=nano.specs -mfloat-abi=soft -mthumb -o "Core/Src/main.o"
In file included from ../Core/Src/main.c:25:
../Core/Inc/LoRa.h:1:1: warning: multi-line comment [-Wcomment]
    1 | // -------------------------------------------------- \\
      | ^
../Core/Src/main.c: In function 'main':
../Core/Src/main.c:345:40: warning: passing argument 2 of 'LoRa_receive' from incompatible pointer type [-Wincompatible-pointer-types]
  345 |    packet_size = LoRa_receive(&myLoRa, received_data, 1);
      |                                        ^~~~~~~~~~~~~
      |                                        |
      |                                        uint32_t * {aka long unsigned int *}
In file included from ../Core/Src/main.c:25:
../Core/Inc/LoRa.h:125:44: note: expected 'uint8_t *' {aka 'unsigned char *'} but argument is of type 'uint32_t *' {aka 'long unsigned int *'}
  125 | uint8_t LoRa_receive(LoRa* _LoRa, uint8_t* data, uint8_t length);
      |                                   ~~~~~~~~~^~~~
../Core/Src/main.c:378:28: warning: passing argument 2 of 'LoRa_transmit' from incompatible pointer type [-Wincompatible-pointer-types]
  378 |     LoRa_transmit(&myLoRa, &currente, 1, 100);
      |                            ^~~~~~~~~
      |                            |
      |                            uint32_t * {aka long unsigned int *}
In file included from ../Core/Src/main.c:25:
../Core/Inc/LoRa.h:123:45: note: expected 'uint8_t *' {aka 'unsigned char *'} but argument is of type 'uint32_t *' {aka 'long unsigned int *'}
  123 | uint8_t LoRa_transmit(LoRa* _LoRa, uint8_t* data, uint8_t length, uint16_t timeout);
      |                                    ~~~~~~~~~^~~~
arm-none-eabi-gcc -o "motor-cc.elf" @"objects.list"   -mcpu=cortex-m0plus -T"/home/camille/Documentos/savio/padolabs-projects/2022-1/luan-camille-gabrielly-lucas-nicholas/motor-cc/STM32G0B1RETX_FLASH.ld" --specs=nosys.specs -Wl,-Map="motor-cc.map" -Wl,--gc-sections -static --specs=nano.specs -mfloat-abi=soft -mthumb -Wl,--start-group -lc -lm -Wl,--end-group
Finished building target: motor-cc.elf
 
arm-none-eabi-size   motor-cc.elf 
arm-none-eabi-objdump -h -S  motor-cc.elf  > "motor-cc.list"
arm-none-eabi-objcopy  -O binary  motor-cc.elf  "motor-cc.bin"
   text	   data	    bss	    dec	    hex	filename
  31028	     20	   2228	  33276	   81fc	motor-cc.elf
Finished building: default.size.stdout
 
Finished building: motor-cc.bin
 
Finished building: motor-cc.list
 
13:06:00 **** Incremental Build of configuration Debug for project motor-cc ****
make -j8 all 
arm-none-eabi-gcc "../Core/Src/main.c" -mcpu=cortex-m0plus -std=gnu11 -g3 -DDEBUG -DUSE_HAL_DRIVER -DSTM32G0B1xx -c -I../Core/Inc -I../Drivers/STM32G0xx_HAL_Driver/Inc -I../Drivers/STM32G0xx_HAL_Driver/Inc/Legacy -I../Drivers/CMSIS/Device/ST/STM32G0xx/Include -I../Drivers/CMSIS/Include -O0 -ffunction-sections -fdata-sections -Wall -fstack-usage -MMD -MP -MF"Core/Src/main.d" -MT"Core/Src/main.o" --specs=nano.specs -mfloat-abi=soft -mthumb -o "Core/Src/main.o"
In file included from ../Core/Src/main.c:25:
../Core/Inc/LoRa.h:1:1: warning: multi-line comment [-Wcomment]
    1 | // -------------------------------------------------- \\
      | ^
../Core/Src/main.c: In function 'main':
../Core/Src/main.c:345:40: warning: passing argument 2 of 'LoRa_receive' from incompatible pointer type [-Wincompatible-pointer-types]
  345 |    packet_size = LoRa_receive(&myLoRa, received_data, 1);
      |                                        ^~~~~~~~~~~~~
      |                                        |
      |                                        uint32_t * {aka long unsigned int *}
In file included from ../Core/Src/main.c:25:
../Core/Inc/LoRa.h:125:44: note: expected 'uint8_t *' {aka 'unsigned char *'} but argument is of type 'uint32_t *' {aka 'long unsigned int *'}
  125 | uint8_t LoRa_receive(LoRa* _LoRa, uint8_t* data, uint8_t length);
      |                                   ~~~~~~~~~^~~~
[...]
In file included from ../Core/Src/main.c:25:
../Core/Inc/LoRa.h:125:44: note: expected 'uint8_t *' {aka 'unsigned char *'} but argument is of type 'uint32_t *' {aka 'long unsigned int *'}
  125 | uint8_t LoRa_receive(LoRa* _LoRa, uint8_t* data, uint8_t length);
      |                                   ~~~~~~~~~^~~~
../Core/Src/main.c:404:28: warning: passing argument 2 of 'LoRa_transmit' from incompatible pointer type [-Wincompatible-pointer-types]
  404 |     LoRa_transmit(&myLoRa, &currente, 1, 100);
      |                            ^~~~~~~~~
      |                            |
      |                            uint32_t * {aka long unsigned int *}
In file included from ../Core/Src/main.c:25:
../Core/Inc/LoRa.h:123:45: note: expected 'uint8_t *' {aka 'unsigned char *'} but argument is of type 'uint32_t *' {aka 'long unsigned int *'}
  123 | uint8_t LoRa_transmit(LoRa* _LoRa, uint8_t* data, uint8_t length, uint16_t timeout);
      |                                    ~~~~~~~~~^~~~
arm-none-eabi-gcc -o "motor-cc.elf" @"objects.list"   -mcpu=cortex-m0plus -T"/home/camille/Documentos/savio/padolabs-projects/2022-1/luan-camille-gabrielly-lucas-nicholas/motor-cc/STM32G0B1RETX_FLASH.ld" --specs=nosys.specs -Wl,-Map="motor-cc.map" -Wl,--gc-sections -static --specs=nano.specs -mfloat-abi=soft -mthumb -Wl,--start-group -lc -lm -Wl,--end-group
Finished building target: motor-cc.elf
 
arm-none-eabi-size   motor-cc.elf 
arm-none-eabi-objdump -h -S  motor-cc.elf  > "motor-cc.list"
arm-none-eabi-objcopy  -O binary  motor-cc.elf  "motor-cc.bin"
   text	   data	    bss	    dec	    hex	filename
  31232	     20	   2228	  33480	   82c8	motor-cc.elf
Finished building: default.size.stdout
 
Finished building: motor-cc.bin
 
Finished building: motor-cc.list
 
13:14:51 **** Incremental Build of configuration Debug for project motor-cc ****
make -j8 all 
arm-none-eabi-gcc "../Core/Src/main.c" -mcpu=cortex-m0plus -std=gnu11 -g3 -DDEBUG -DUSE_HAL_DRIVER -DSTM32G0B1xx -c -I../Core/Inc -I../Drivers/STM32G0xx_HAL_Driver/Inc -I../Drivers/STM32G0xx_HAL_Driver/Inc/Legacy -I../Drivers/CMSIS/Device/ST/STM32G0xx/Include -I../Drivers/CMSIS/Include -O0 -ffunction-sections -fdata-sections -Wall -fstack-usage -MMD -MP -MF"Core/Src/main.d" -MT"Core/Src/main.o" --specs=nano.specs -mfloat-abi=soft -mthumb -o "Core/Src/main.o"
In file included from ../Core/Src/main.c:25:
../Core/Inc/LoRa.h:1:1: warning: multi-line comment [-Wcomment]
    1 | // -------------------------------------------------- \\
      | ^
../Core/Src/main.c: In function 'main':
../Core/Src/main.c:371:40: warning: passing argument 2 of 'LoRa_receive' from incompatible pointer type [-Wincompatible-pointer-types]
  371 |    packet_size = LoRa_receive(&myLoRa, received_data, 1);
      |                                        ^~~~~~~~~~~~~
      |                                        |
      |                                        uint32_t * {aka long unsigned int *}
In file included from ../Core/Src/main.c:25:
../Core/Inc/LoRa.h:125:44: note: expected 'uint8_t *' {aka 'unsigned char *'} but argument is of type 'uint32_t *' {aka 'long unsigned int *'}
  125 | uint8_t LoRa_receive(LoRa* _LoRa, uint8_t* data, uint8_t length);
      |                                   ~~~~~~~~~^~~~
../Core/Src/main.c:404:28: warning: passing argument 2 of 'LoRa_transmit' from incompatible pointer type [-Wincompatible-pointer-types]
  404 |     LoRa_transmit(&myLoRa, &currente, 1, 100);
      |                            ^~~~~~~~~
      |                            |
      |                            uint32_t * {aka long unsigned int *}
In file included from ../Core/Src/main.c:25:
../Core/Inc/LoRa.h:123:45: note: expected 'uint8_t *' {aka 'unsigned char *'} but argument is of type 'uint32_t *' {aka 'long unsigned int *'}
  123 | uint8_t LoRa_transmit(LoRa* _LoRa, uint8_t* data, uint8_t length, uint16_t timeout);
      |                                    ~~~~~~~~~^~~~
arm-none-eabi-gcc -o "motor-cc.elf" @"objects.list"   -mcpu=cortex-m0plus -T"/home/camille/Documentos/savio/padolabs-projects/2022-1/luan-camille-gabrielly-lucas-nicholas/motor-cc/STM32G0B1RETX_FLASH.ld" --specs=nosys.specs -Wl,-Map="motor-cc.map" -Wl,--gc-sections -static --specs=nano.specs -mfloat-abi=soft -mthumb -Wl,--start-group -lc -lm -Wl,--end-group
Finished building target: motor-cc.elf
 
arm-none-eabi-size   motor-cc.elf 
arm-none-eabi-objdump -h -S  motor-cc.elf  > "motor-cc.list"
arm-none-eabi-objcopy  -O binary  motor-cc.elf  "motor-cc.bin"
   text	   data	    bss	    dec	    hex	filename
  31224	     20	   2228	  33472	   82c0	motor-cc.elf
Finished building: default.size.stdout
Finished building: motor-cc.bin
 
 
Finished building: motor-cc.list
 
13:15:35 **** Incremental Build of configuration Debug for project motor-cc ****
make -j8 all 
arm-none-eabi-gcc "../Core/Src/main.c" -mcpu=cortex-m0plus -std=gnu11 -g3 -DDEBUG -DUSE_HAL_DRIVER -DSTM32G0B1xx -c -I../Core/Inc -I../Drivers/STM32G0xx_HAL_Driver/Inc -I../Drivers/STM32G0xx_HAL_Driver/Inc/Legacy -I../Drivers/CMSIS/Device/ST/STM32G0xx/Include -I../Drivers/CMSIS/Include -O0 -ffunction-sections -fdata-sections -Wall -fstack-usage -MMD -MP -MF"Core/Src/main.d" -MT"Core/Src/main.o" --specs=nano.specs -mfloat-abi=soft -mthumb -o "Core/Src/main.o"
In file included from ../Core/Src/main.c:25:
../Core/Inc/LoRa.h:1:1: warning: multi-line comment [-Wcomment]
    1 | // -------------------------------------------------- \\
      | ^
../Core/Src/main.c: In function 'main':
../Core/Src/main.c:371:40: warning: passing argument 2 of 'LoRa_receive' from incompatible pointer type [-Wincompatible-pointer-types]
  371 |    packet_size = LoRa_receive(&myLoRa, received_data, 1);
      |                                        ^~~~~~~~~~~~~
      |                                        |
      |                                        uint32_t * {aka long unsigned int *}
In file included from ../Core/Src/main.c:25:
../Core/Inc/LoRa.h:125:44: note: expected 'uint8_t *' {aka 'unsigned char *'} but argument is of type 'uint32_t *' {aka 'long unsigned int *'}
  125 | uint8_t LoRa_receive(LoRa* _LoRa, uint8_t* data, uint8_t length);
      |                                   ~~~~~~~~~^~~~
../Core/Src/main.c:404:28: warning: passing argument 2 of 'LoRa_transmit' from incompatible pointer type [-Wincompatible-pointer-types]
  404 |     LoRa_transmit(&myLoRa, &currente, 1, 100);
      |                            ^~~~~~~~~
      |                            |
      |                            uint32_t * {aka long unsigned int *}
In file included from ../Core/Src/main.c:25:
../Core/Inc/LoRa.h:123:45: note: expected 'uint8_t *' {aka 'unsigned char *'} but argument is of type 'uint32_t *' {aka 'long unsigned int *'}
  123 | uint8_t LoRa_transmit(LoRa* _LoRa, uint8_t* data, uint8_t length, uint16_t timeout);
      |                                    ~~~~~~~~~^~~~
arm-none-eabi-gcc -o "motor-cc.elf" @"objects.list"   -mcpu=cortex-m0plus -T"/home/camille/Documentos/savio/padolabs-projects/2022-1/luan-camille-gabrielly-lucas-nicholas/motor-cc/STM32G0B1RETX_FLASH.ld" --specs=nosys.specs -Wl,-Map="motor-cc.map" -Wl,--gc-sections -static --specs=nano.specs -mfloat-abi=soft -mthumb -Wl,--start-group -lc -lm -Wl,--end-group
Finished building target: motor-cc.elf
 
arm-none-eabi-size   motor-cc.elf 
arm-none-eabi-objdump -h -S  motor-cc.elf  > "motor-cc.list"
arm-none-eabi-objcopy  -O binary  motor-cc.elf  "motor-cc.bin"
   text	   data	    bss	    dec	    hex	filename
  31228	     20	   2228	  33476	   82c4	motor-cc.elf
Finished building: default.size.stdout
 
Finished building: motor-cc.bin
 
Finished building: motor-cc.list
 
13:16:00 **** Incremental Build of configuration Debug for project motor-cc ****
make -j8 all 
arm-none-eabi-gcc "../Core/Src/main.c" -mcpu=cortex-m0plus -std=gnu11 -g3 -DDEBUG -DUSE_HAL_DRIVER -DSTM32G0B1xx -c -I../Core/Inc -I../Drivers/STM32G0xx_HAL_Driver/Inc -I../Drivers/STM32G0xx_HAL_Driver/Inc/Legacy -I../Drivers/CMSIS/Device/ST/STM32G0xx/Include -I../Drivers/CMSIS/Include -O0 -ffunction-sections -fdata-sections -Wall -fstack-usage -MMD -MP -MF"Core/Src/main.d" -MT"Core/Src/main.o" --specs=nano.specs -mfloat-abi=soft -mthumb -o "Core/Src/main.o"
In file included from ../Core/Src/main.c:25:
../Core/Inc/LoRa.h:1:1: warning: multi-line comment [-Wcomment]
    1 | // -------------------------------------------------- \\
      | ^
../Core/Src/main.c: In function 'main':
../Core/Src/main.c:371:40: warning: passing argument 2 of 'LoRa_receive' from incompatible pointer type [-Wincompatible-pointer-types]
  371 |    packet_size = LoRa_receive(&myLoRa, received_data, 1);
      |                                        ^~~~~~~~~~~~~
      |                                        |
      |                                        uint32_t * {aka long unsigned int *}
In file included from ../Core/Src/main.c:25:
../Core/Inc/LoRa.h:125:44: note: expected 'uint8_t *' {aka 'unsigned char *'} but argument is of type 'uint32_t *' {aka 'long unsigned int *'}
  125 | uint8_t LoRa_receive(LoRa* _LoRa, uint8_t* data, uint8_t length);
      |                                   ~~~~~~~~~^~~~
../Core/Src/main.c:404:28: warning: passing argument 2 of 'LoRa_transmit' from incompatible pointer type [-Wincompatible-pointer-types]
  404 |     LoRa_transmit(&myLoRa, &currente, 1, 100);
      |                            ^~~~~~~~~
      |                            |
      |                            uint32_t * {aka long unsigned int *}
In file included from ../Core/Src/main.c:25:
../Core/Inc/LoRa.h:123:45: note: expected 'uint8_t *' {aka 'unsigned char *'} but argument is of type 'uint32_t *' {aka 'long unsigned int *'}
  123 | uint8_t LoRa_transmit(LoRa* _LoRa, uint8_t* data, uint8_t length, uint16_t timeout);
      |                                    ~~~~~~~~~^~~~
arm-none-eabi-gcc -o "motor-cc.elf" @"objects.list"   -mcpu=cortex-m0plus -T"/home/camille/Documentos/savio/padolabs-projects/2022-1/luan-camille-gabrielly-lucas-nicholas/motor-cc/STM32G0B1RETX_FLASH.ld" --specs=nosys.specs -Wl,-Map="motor-cc.map" -Wl,--gc-sections -static --specs=nano.specs -mfloat-abi=soft -mthumb -Wl,--start-group -lc -lm -Wl,--end-group
Finished building target: motor-cc.elf
 
arm-none-eabi-size   motor-cc.elf 
arm-none-eabi-objdump -h -S  motor-cc.elf  > "motor-cc.list"
arm-none-eabi-objcopy  -O binary  motor-cc.elf  "motor-cc.bin"
   text	   data	    bss	    dec	    hex	filename
  31232	     20	   2228	  33480	   82c8	motor-cc.elf
Finished building: default.size.stdout
 
Finished building: motor-cc.bin
 
Finished building: motor-cc.list
 
13:17:28 **** Incremental Build of configuration Debug for project motor-cc ****
make -j8 all 
arm-none-eabi-gcc "../Core/Src/main.c" -mcpu=cortex-m0plus -std=gnu11 -g3 -DDEBUG -DUSE_HAL_DRIVER -DSTM32G0B1xx -c -I../Core/Inc -I../Drivers/STM32G0xx_HAL_Driver/Inc -I../Drivers/STM32G0xx_HAL_Driver/Inc/Legacy -I../Drivers/CMSIS/Device/ST/STM32G0xx/Include -I../Drivers/CMSIS/Include -O0 -ffunction-sections -fdata-sections -Wall -fstack-usage -MMD -MP -MF"Core/Src/main.d" -MT"Core/Src/main.o" --specs=nano.specs -mfloat-abi=soft -mthumb -o "Core/Src/main.o"
In file included from ../Core/Src/main.c:25:
../Core/Inc/LoRa.h:1:1: warning: multi-line comment [-Wcomment]
    1 | // -------------------------------------------------- \\
      | ^
../Core/Src/main.c: In function 'main':
../Core/Src/main.c:373:40: warning: passing argument 2 of 'LoRa_receive' from incompatible pointer type [-Wincompatible-pointer-types]
  373 |    packet_size = LoRa_receive(&myLoRa, received_data, 1);
      |                                        ^~~~~~~~~~~~~
      |                                        |
      |                                        uint32_t * {aka long unsigned int *}
In file included from ../Core/Src/main.c:25:
../Core/Inc/LoRa.h:125:44: note: expected 'uint8_t *' {aka 'unsigned char *'} but argument is of type 'uint32_t *' {aka 'long unsigned int *'}
  125 | uint8_t LoRa_receive(LoRa* _LoRa, uint8_t* data, uint8_t length);
      |                                   ~~~~~~~~~^~~~
../Core/Src/main.c:406:28: warning: passing argument 2 of 'LoRa_transmit' from incompatible pointer type [-Wincompatible-pointer-types]
  406 |     LoRa_transmit(&myLoRa, &currente, 1, 100);
      |                            ^~~~~~~~~
      |                            |
      |                            uint32_t * {aka long unsigned int *}
In file included from ../Core/Src/main.c:25:
../Core/Inc/LoRa.h:123:45: note: expected 'uint8_t *' {aka 'unsigned char *'} but argument is of type 'uint32_t *' {aka 'long unsigned int *'}
  123 | uint8_t LoRa_transmit(LoRa* _LoRa, uint8_t* data, uint8_t length, uint16_t timeout);
      |                                    ~~~~~~~~~^~~~
arm-none-eabi-gcc -o "motor-cc.elf" @"objects.list"   -mcpu=cortex-m0plus -T"/home/camille/Documentos/savio/padolabs-projects/2022-1/luan-camille-gabrielly-lucas-nicholas/motor-cc/STM32G0B1RETX_FLASH.ld" --specs=nosys.specs -Wl,-Map="motor-cc.map" -Wl,--gc-sections -static --specs=nano.specs -mfloat-abi=soft -mthumb -Wl,--start-group -lc -lm -Wl,--end-group
Finished building target: motor-cc.elf
 
arm-none-eabi-size   motor-cc.elf 
arm-none-eabi-objdump -h -S  motor-cc.elf  > "motor-cc.list"
arm-none-eabi-objcopy  -O binary  motor-cc.elf  "motor-cc.bin"
   text	   data	    bss	    dec	    hex	filename
  31240	     20	   2228	  33488	   82d0	motor-cc.elf
Finished building: default.size.stdout
 
Finished building: motor-cc.bin
 
Finished building: motor-cc.list
 
13:20:29 **** Incremental Build of configuration Debug for project motor-cc ****
make -j8 all 
arm-none-eabi-gcc "../Core/Src/main.c" -mcpu=cortex-m0plus -std=gnu11 -g3 -DDEBUG -DUSE_HAL_DRIVER -DSTM32G0B1xx -c -I../Core/Inc -I../Drivers/STM32G0xx_HAL_Driver/Inc -I../Drivers/STM32G0xx_HAL_Driver/Inc/Legacy -I../Drivers/CMSIS/Device/ST/STM32G0xx/Include -I../Drivers/CMSIS/Include -O0 -ffunction-sections -fdata-sections -Wall -fstack-usage -MMD -MP -MF"Core/Src/main.d" -MT"Core/Src/main.o" --specs=nano.specs -mfloat-abi=soft -mthumb -o "Core/Src/main.o"
In file included from ../Core/Src/main.c:25:
../Core/Inc/LoRa.h:1:1: warning: multi-line comment [-Wcomment]
    1 | // -------------------------------------------------- \\
      | ^
../Core/Src/main.c: In function 'main':
../Core/Src/main.c:373:40: warning: passing argument 2 of 'LoRa_receive' from incompatible pointer type [-Wincompatible-pointer-types]
  373 |    packet_size = LoRa_receive(&myLoRa, received_data, 1);
      |                                        ^~~~~~~~~~~~~
      |                                        |
      |                                        uint32_t * {aka long unsigned int *}
In file included from ../Core/Src/main.c:25:
../Core/Inc/LoRa.h:125:44: note: expected 'uint8_t *' {aka 'unsigned char *'} but argument is of type 'uint32_t *' {aka 'long unsigned int *'}
  125 | uint8_t LoRa_receive(LoRa* _LoRa, uint8_t* data, uint8_t length);
      |                                   ~~~~~~~~~^~~~
../Core/Src/main.c:406:28: warning: passing argument 2 of 'LoRa_transmit' from incompatible pointer type [-Wincompatible-pointer-types]
  406 |     LoRa_transmit(&myLoRa, &currente, 1, 100);
      |                            ^~~~~~~~~
      |                            |
      |                            uint32_t * {aka long unsigned int *}
In file included from ../Core/Src/main.c:25:
../Core/Inc/LoRa.h:123:45: note: expected 'uint8_t *' {aka 'unsigned char *'} but argument is of type 'uint32_t *' {aka 'long unsigned int *'}
  123 | uint8_t LoRa_transmit(LoRa* _LoRa, uint8_t* data, uint8_t length, uint16_t timeout);
      |                                    ~~~~~~~~~^~~~
arm-none-eabi-gcc -o "motor-cc.elf" @"objects.list"   -mcpu=cortex-m0plus -T"/home/camille/Documentos/savio/padolabs-projects/2022-1/luan-camille-gabrielly-lucas-nicholas/motor-cc/STM32G0B1RETX_FLASH.ld" --specs=nosys.specs -Wl,-Map="motor-cc.map" -Wl,--gc-sections -static --specs=nano.specs -mfloat-abi=soft -mthumb -Wl,--start-group -lc -lm -Wl,--end-group
Finished building target: motor-cc.elf
 
arm-none-eabi-size   motor-cc.elf 
arm-none-eabi-objdump -h -S  motor-cc.elf  > "motor-cc.list"
arm-none-eabi-objcopy  -O binary  motor-cc.elf  "motor-cc.bin"
   text	   data	    bss	    dec	    hex	filename
  31240	     20	   2228	  33488	   82d0	motor-cc.elf
Finished building: default.size.stdout
 
Finished building: motor-cc.bin
 
Finished building: motor-cc.list
 
13:37:32 **** Incremental Build of configuration Debug for project motor-cc ****
make -j8 all 
arm-none-eabi-gcc "../Core/Src/main.c" -mcpu=cortex-m0plus -std=gnu11 -g3 -DDEBUG -DUSE_HAL_DRIVER -DSTM32G0B1xx -c -I../Core/Inc -I../Drivers/STM32G0xx_HAL_Driver/Inc -I../Drivers/STM32G0xx_HAL_Driver/Inc/Legacy -I../Drivers/CMSIS/Device/ST/STM32G0xx/Include -I../Drivers/CMSIS/Include -O0 -ffunction-sections -fdata-sections -Wall -fstack-usage -MMD -MP -MF"Core/Src/main.d" -MT"Core/Src/main.o" --specs=nano.specs -mfloat-abi=soft -mthumb -o "Core/Src/main.o"
In file included from ../Core/Src/main.c:25:
../Core/Inc/LoRa.h:1:1: warning: multi-line comment [-Wcomment]
    1 | // -------------------------------------------------- \\
      | ^
../Core/Src/main.c: In function 'converter_dados':
../Core/Src/main.c:192:25: error: 'buzzer_GPIO_Port' undeclared (first use in this function); did you mean 'Verde_GPIO_Port'?
  192 |       HAL_GPIO_WritePin(buzzer_GPIO_Port, buzzer_Pin, 1);
      |                         ^~~~~~~~~~~~~~~~
      |                         Verde_GPIO_Port
../Core/Src/main.c:192:25: note: each undeclared identifier is reported only once for each function it appears in
../Core/Src/main.c:192:43: error: 'buzzer_Pin' undeclared (first use in this function)
  192 |       HAL_GPIO_WritePin(buzzer_GPIO_Port, buzzer_Pin, 1);
      |                                           ^~~~~~~~~~
../Core/Src/main.c: In function 'main':
../Core/Src/main.c:370:24: error: 'buzzer_GPIO_Port' undeclared (first use in this function); did you mean 'Verde_GPIO_Port'?
  370 |      HAL_GPIO_WritePin(buzzer_GPIO_Port, buzzer_Pin, 1);
      |                        ^~~~~~~~~~~~~~~~
      |                        Verde_GPIO_Port
../Core/Src/main.c:370:42: error: 'buzzer_Pin' undeclared (first use in this function)
  370 |      HAL_GPIO_WritePin(buzzer_GPIO_Port, buzzer_Pin, 1);
      |                                          ^~~~~~~~~~
../Core/Src/main.c:377:40: warning: passing argument 2 of 'LoRa_receive' from incompatible pointer type [-Wincompatible-pointer-types]
  377 |    packet_size = LoRa_receive(&myLoRa, received_data, 1);
      |                                        ^~~~~~~~~~~~~
      |                                        |
      |                                        uint32_t * {aka long unsigned int *}
In file included from ../Core/Src/main.c:25:
../Core/Inc/LoRa.h:125:44: note: expected 'uint8_t *' {aka 'unsigned char *'} but argument is of type 'uint32_t *' {aka 'long unsigned int *'}
  125 | uint8_t LoRa_receive(LoRa* _LoRa, uint8_t* data, uint8_t length);
      |                                   ~~~~~~~~~^~~~
../Core/Src/main.c:410:28: warning: passing argument 2 of 'LoRa_transmit' from incompatible pointer type [-Wincompatible-pointer-types]
  410 |     LoRa_transmit(&myLoRa, &currente, 1, 100);
      |                            ^~~~~~~~~
      |                            |
      |                            uint32_t * {aka long unsigned int *}
In file included from ../Core/Src/main.c:25:
../Core/Inc/LoRa.h:123:45: note: expected 'uint8_t *' {aka 'unsigned char *'} but argument is of type 'uint32_t *' {aka 'long unsigned int *'}
  123 | uint8_t LoRa_transmit(LoRa* _LoRa, uint8_t* data, uint8_t length, uint16_t timeout);
      |                                    ~~~~~~~~~^~~~
make: *** [Core/Src/subdir.mk:37: Core/Src/main.o] Error 1
"make -j8 all" terminated with exit code 2. Build might be incomplete.
